{
  "artifact_dir": "/home/truares/\u684c\u9762/attentionbench-week2-followup-20260927/formal_depth_runs/cube_lift-seed103/cube_lift-seed103-formal-1790522562938047455",
  "artifacts": {
    "native_result": {
      "sha256": "fc1d21172477d14661606e82552a2d083b4fbf644621c04a9814848e21be304e",
      "uri": "/home/truares/\u684c\u9762/attentionbench-week2-followup-20260927/formal_depth_runs/cube_lift-seed103/cube_lift-seed103-formal-1790522562938047455/native_result.json"
    },
    "safety": {
      "sha256": "38cc394a0f686628a2674a58fb37e9672cd843e3273697def60dcb704533178e",
      "uri": "/home/truares/\u684c\u9762/attentionbench-week2-followup-20260927/formal_depth_runs/cube_lift-seed103/cube_lift-seed103-formal-1790522562938047455/safety.json"
    },
    "sandbox_receipt": {
      "sha256": "d8295be37d2245ffbbb9acf78da84b6c38a8b3aacb0183a560aa26ae5285d947",
      "uri": "/home/truares/\u684c\u9762/attentionbench-week2-followup-20260927/formal_depth_runs/cube_lift-seed103/cube_lift-seed103-formal-1790522562938047455/sandbox_receipt.json"
    },
    "trace": {
      "sha256": "5da14fd04893858c61e64fdb924a5e594a138ca444a55f254ad3abb84a8cbcb0",
      "uri": "/home/truares/\u684c\u9762/attentionbench-week2-followup-20260927/formal_depth_runs/cube_lift-seed103/cube_lift-seed103-formal-1790522562938047455/trace.json"
    }
  },
  "attempt_id": null,
  "boundary_checked": true,
  "config_sha256": "30f649859d0257accbf3625cf187624f9d3c7cd6709c4118c61f10689737f20c",
  "error": null,
  "formal_blockers": [
    "independent sandbox and cancellation acceptance not frozen",
    "task/seed/config stability matrix not formally accepted"
  ],
  "formal_eligible": false,
  "native_evaluator": {
    "evaluated": true,
    "native_success": false
  },
  "native_success": false,
  "policy_sha256": "2e85213c8d4c79aa97f67760de9bd04d068341c4ceed9e258f51ce401f0edd81",
  "run_id": null,
  "sandbox": {
    "action_cancellation_verified": true,
    "deadline_enforced": true,
    "process_isolated": true,
    "sdk_rpc_only": true
  },
  "schema_version": "attentionbench.formal-runner-result.v1",
  "seed": 103,
  "service_revision": "8fb89e8ee7722e37e13530fb019aabd64d5367ba",
  "status": "completed",
  "suite": "robosuite",
  "task_id": "cube_lift"
}
