[33;1m2026-09-27 23:33:55,033 - mani_skill  - WARNING - tidyverse is not in the task's list of supported robots. Code may not run as intended[0m
Could not place objects. Trying again with new objects
Could not place objects. Trying again with new objects
[obj_inside_of] obj=obj obj_pos=[ 3.9280279 -1.8760474  1.0890545] fixture_pos=[ 4.09999816 -1.1997989   0.96125   ] fsize=[0.91666663 0.55       0.24749999] shifted_fpos=[ 4.09999816 -1.1497989   0.96125   ] lower=[ 3.84999816 -1.3497989   0.68750001] upper=[ 4.34999816 -0.9497989   1.23499999] inside=False
[obj_inside_of] obj=obj obj_pos=[ 3.81386   -1.8014078  1.0059942] fixture_pos=[ 4.09914677 -1.19979889  0.97534056] fsize=[0.85139319 0.55       0.21540247] shifted_fpos=[ 4.09914677 -1.14979889  0.97534056] lower=[ 3.84914677 -1.34979889  0.71763932] upper=[ 4.34914677 -0.94979889  1.23304179] inside=False
[obj_inside_of] obj=obj obj_pos=[ 3.81386   -1.8014078  0.9912789] fixture_pos=[ 4.09914677 -1.19979889  0.97534056] fsize=[0.85139319 0.55       0.21540247] shifted_fpos=[ 4.09914677 -1.14979889  0.97534056] lower=[ 3.84914677 -1.34979889  0.71763932] upper=[ 4.34914677 -0.94979889  1.23304179] inside=False
[obj_inside_of] obj=obj obj_pos=[ 3.8137684 -1.8013942  0.9700311] fixture_pos=[ 4.09914677 -1.19979889  0.97534056] fsize=[0.85139319 0.55       0.21540247] shifted_fpos=[ 4.09914677 -1.14979889  0.97534056] lower=[ 3.84914677 -1.34979889  0.71763932] upper=[ 4.34914677 -0.94979889  1.23304179] inside=False
[obj_inside_of] obj=obj obj_pos=[ 3.8138626  -1.801398    0.97000045] fixture_pos=[ 4.09914677 -1.19979889  0.97534056] fsize=[0.85139319 0.55       0.21540247] shifted_fpos=[ 4.09914677 -1.14979889  0.97534056] lower=[ 3.84914677 -1.34979889  0.71763932] upper=[ 4.34914677 -0.94979889  1.23304179] inside=False
[obj_inside_of] obj=obj obj_pos=[ 3.813861  -1.8013978  0.9700001] fixture_pos=[ 4.09914677 -1.19979889  0.97534056] fsize=[0.85139319 0.55       0.21540247] shifted_fpos=[ 4.09914677 -1.14979889  0.97534056] lower=[ 3.84914677 -1.34979889  0.71763932] upper=[ 4.34914677 -0.94979889  1.23304179] inside=False
[obj_inside_of] obj=obj obj_pos=[ 3.813861  -1.8013976  0.97     ] fixture_pos=[ 4.09914677 -1.19979889  0.97534056] fsize=[0.85139319 0.55       0.21540247] shifted_fpos=[ 4.09914677 -1.14979889  0.97534056] lower=[ 3.84914677 -1.34979889  0.71763932] upper=[ 4.34914677 -0.94979889  1.23304179] inside=False
[obj_inside_of] obj=obj obj_pos=[ 3.813858  -1.8013964  0.9700002] fixture_pos=[ 4.09914677 -1.19979889  0.97534056] fsize=[0.85139319 0.55       0.21540247] shifted_fpos=[ 4.09914677 -1.14979889  0.97534056] lower=[ 3.84914677 -1.34979889  0.71763932] upper=[ 4.34914677 -0.94979889  1.23304179] inside=False
[obj_inside_of] obj=obj obj_pos=[ 3.8138583 -1.8013964  0.9700003] fixture_pos=[ 4.09914677 -1.19979889  0.97534056] fsize=[0.85139319 0.55       0.21540247] shifted_fpos=[ 4.09914677 -1.14979889  0.97534056] lower=[ 3.84914677 -1.34979889  0.71763932] upper=[ 4.34914677 -0.94979889  1.23304179] inside=False
[obj_inside_of] obj=obj obj_pos=[ 3.8138585 -1.8013964  0.9700003] fixture_pos=[ 4.09914677 -1.19979889  0.97534056] fsize=[0.85139319 0.55       0.21540247] shifted_fpos=[ 4.09914677 -1.14979889  0.97534056] lower=[ 3.84914677 -1.34979889  0.71763932] upper=[ 4.34914677 -0.94979889  1.23304179] inside=False
[obj_inside_of] obj=obj obj_pos=[ 3.8138645 -1.8013995  0.9700012] fixture_pos=[ 4.09914677 -1.19979889  0.97534056] fsize=[0.85139319 0.55       0.21540247] shifted_fpos=[ 4.09914677 -1.14979889  0.97534056] lower=[ 3.84914677 -1.34979889  0.71763932] upper=[ 4.34914677 -0.94979889  1.23304179] inside=False
[obj_inside_of] obj=obj obj_pos=[ 3.8138645 -1.8013995  0.9700012] fixture_pos=[ 4.09914677 -1.19979889  0.97534056] fsize=[0.85139319 0.55       0.21540247] shifted_fpos=[ 4.09914677 -1.14979889  0.97534056] lower=[ 3.84914677 -1.34979889  0.71763932] upper=[ 4.34914677 -0.94979889  1.23304179] inside=False
[obj_inside_of] obj=obj obj_pos=[ 3.8138645 -1.8013995  0.9700012] fixture_pos=[ 4.09914677 -1.19979889  0.97534056] fsize=[0.85139319 0.55       0.21540247] shifted_fpos=[ 4.09914677 -1.14979889  0.97534056] lower=[ 3.84914677 -1.34979889  0.71763932] upper=[ 4.34914677 -0.94979889  1.23304179] inside=False
[obj_inside_of] obj=obj obj_pos=[ 3.8138645 -1.8013995  0.9700012] fixture_pos=[ 4.09914677 -1.19979889  0.97534056] fsize=[0.85139319 0.55       0.21540247] shifted_fpos=[ 4.09914677 -1.14979889  0.97534056] lower=[ 3.84914677 -1.34979889  0.71763932] upper=[ 4.34914677 -0.94979889  1.23304179] inside=False
[obj_inside_of] obj=obj obj_pos=[ 3.8138645 -1.8013995  0.9700012] fixture_pos=[ 4.09914677 -1.19979889  0.97534056] fsize=[0.85139319 0.55       0.21540247] shifted_fpos=[ 4.09914677 -1.14979889  0.97534056] lower=[ 3.84914677 -1.34979889  0.71763932] upper=[ 4.34914677 -0.94979889  1.23304179] inside=False
[obj_inside_of] obj=obj obj_pos=[ 3.8138645 -1.8013995  0.9700012] fixture_pos=[ 4.09914677 -1.19979889  0.97534056] fsize=[0.85139319 0.55       0.21540247] shifted_fpos=[ 4.09914677 -1.14979889  0.97534056] lower=[ 3.84914677 -1.34979889  0.71763932] upper=[ 4.34914677 -0.94979889  1.23304179] inside=False
[obj_inside_of] obj=obj obj_pos=[ 3.8138645 -1.8013995  0.9700012] fixture_pos=[ 4.09914677 -1.19979889  0.97534056] fsize=[0.85139319 0.55       0.21540247] shifted_fpos=[ 4.09914677 -1.14979889  0.97534056] lower=[ 3.84914677 -1.34979889  0.71763932] upper=[ 4.34914677 -0.94979889  1.23304179] inside=False
[obj_inside_of] obj=obj obj_pos=[ 3.8138645 -1.8013995  0.9700012] fixture_pos=[ 4.09914677 -1.19979889  0.97534056] fsize=[0.85139319 0.55       0.21540247] shifted_fpos=[ 4.09914677 -1.14979889  0.97534056] lower=[ 3.84914677 -1.34979889  0.71763932] upper=[ 4.34914677 -0.94979889  1.23304179] inside=False
[obj_inside_of] obj=obj obj_pos=[ 3.8138645 -1.8013995  0.9700012] fixture_pos=[ 4.09914677 -1.19979889  0.97534056] fsize=[0.85139319 0.55       0.21540247] shifted_fpos=[ 4.09914677 -1.14979889  0.97534056] lower=[ 3.84914677 -1.34979889  0.71763932] upper=[ 4.34914677 -0.94979889  1.23304179] inside=False
[obj_inside_of] obj=obj obj_pos=[ 3.8138645 -1.8013995  0.9700012] fixture_pos=[ 4.09914677 -1.19979889  0.97534056] fsize=[0.85139319 0.55       0.21540247] shifted_fpos=[ 4.09914677 -1.14979889  0.97534056] lower=[ 3.84914677 -1.34979889  0.71763932] upper=[ 4.34914677 -0.94979889  1.23304179] inside=False
[obj_inside_of] obj=obj obj_pos=[ 3.8138645 -1.8013995  0.9700012] fixture_pos=[ 4.09914677 -1.19979889  0.97534056] fsize=[0.85139319 0.55       0.21540247] shifted_fpos=[ 4.09914677 -1.14979889  0.97534056] lower=[ 3.84914677 -1.34979889  0.71763932] upper=[ 4.34914677 -0.94979889  1.23304179] inside=False
[obj_inside_of] obj=obj obj_pos=[ 3.8138645 -1.8013995  0.9700012] fixture_pos=[ 4.09914677 -1.19979889  0.97534056] fsize=[0.85139319 0.55       0.21540247] shifted_fpos=[ 4.09914677 -1.14979889  0.97534056] lower=[ 3.84914677 -1.34979889  0.71763932] upper=[ 4.34914677 -0.94979889  1.23304179] inside=False
[obj_inside_of] obj=obj obj_pos=[ 3.8138645 -1.8013995  0.9700012] fixture_pos=[ 4.09914677 -1.19979889  0.97534056] fsize=[0.85139319 0.55       0.21540247] shifted_fpos=[ 4.09914677 -1.14979889  0.97534056] lower=[ 3.84914677 -1.34979889  0.71763932] upper=[ 4.34914677 -0.94979889  1.23304179] inside=False
[obj_inside_of] obj=obj obj_pos=[ 3.8138645 -1.8013995  0.9700012] fixture_pos=[ 4.09914677 -1.19979889  0.97534056] fsize=[0.85139319 0.55       0.21540247] shifted_fpos=[ 4.09914677 -1.14979889  0.97534056] lower=[ 3.84914677 -1.34979889  0.71763932] upper=[ 4.34914677 -0.94979889  1.23304179] inside=False
[obj_inside_of] obj=obj obj_pos=[ 3.8138645 -1.8013995  0.9700012] fixture_pos=[ 4.09914677 -1.19979889  0.97534056] fsize=[0.85139319 0.55       0.21540247] shifted_fpos=[ 4.09914677 -1.14979889  0.97534056] lower=[ 3.84914677 -1.34979889  0.71763932] upper=[ 4.34914677 -0.94979889  1.23304179] inside=False
[obj_inside_of] obj=obj obj_pos=[ 3.8138645 -1.8013995  0.9700012] fixture_pos=[ 4.09914677 -1.19979889  0.97534056] fsize=[0.85139319 0.55       0.21540247] shifted_fpos=[ 4.09914677 -1.14979889  0.97534056] lower=[ 3.84914677 -1.34979889  0.71763932] upper=[ 4.34914677 -0.94979889  1.23304179] inside=False
[obj_inside_of] obj=obj obj_pos=[ 3.8138645 -1.8013995  0.9700012] fixture_pos=[ 4.09914677 -1.19979889  0.97534056] fsize=[0.85139319 0.55       0.21540247] shifted_fpos=[ 4.09914677 -1.14979889  0.97534056] lower=[ 3.84914677 -1.34979889  0.71763932] upper=[ 4.34914677 -0.94979889  1.23304179] inside=False
[obj_inside_of] obj=obj obj_pos=[ 3.8138645 -1.8013995  0.9700012] fixture_pos=[ 4.09914677 -1.19979889  0.97534056] fsize=[0.85139319 0.55       0.21540247] shifted_fpos=[ 4.09914677 -1.14979889  0.97534056] lower=[ 3.84914677 -1.34979889  0.71763932] upper=[ 4.34914677 -0.94979889  1.23304179] inside=False
[obj_inside_of] obj=obj obj_pos=[ 3.8138645 -1.8013995  0.9700012] fixture_pos=[ 4.09914677 -1.19979889  0.97534056] fsize=[0.85139319 0.55       0.21540247] shifted_fpos=[ 4.09914677 -1.14979889  0.97534056] lower=[ 3.84914677 -1.34979889  0.71763932] upper=[ 4.34914677 -0.94979889  1.23304179] inside=False
[obj_inside_of] obj=obj obj_pos=[ 3.8138645 -1.8013995  0.9700012] fixture_pos=[ 4.09914677 -1.19979889  0.97534056] fsize=[0.85139319 0.55       0.21540247] shifted_fpos=[ 4.09914677 -1.14979889  0.97534056] lower=[ 3.84914677 -1.34979889  0.71763932] upper=[ 4.34914677 -0.94979889  1.23304179] inside=False
[obj_inside_of] obj=obj obj_pos=[ 3.8138645 -1.8013995  0.9700012] fixture_pos=[ 4.09914677 -1.19979889  0.97534056] fsize=[0.85139319 0.55       0.21540247] shifted_fpos=[ 4.09914677 -1.14979889  0.97534056] lower=[ 3.84914677 -1.34979889  0.71763932] upper=[ 4.34914677 -0.94979889  1.23304179] inside=False
[obj_inside_of] obj=obj obj_pos=[ 3.8138645 -1.8013995  0.9700012] fixture_pos=[ 4.09914677 -1.19979889  0.97534056] fsize=[0.85139319 0.55       0.21540247] shifted_fpos=[ 4.09914677 -1.14979889  0.97534056] lower=[ 3.84914677 -1.34979889  0.71763932] upper=[ 4.34914677 -0.94979889  1.23304179] inside=False
{"initial": {"step": 1, "base_qpos": [0.0021342607215046883, -0.0017790873534977436, -0.0009182694484479725], "controller_target": [0.125, -0.10000000149011612, 0.0]}, "final": {"step": 30, "base_qpos": [0.12214387208223343, -0.09779989719390869, 0.00042749650310724974], "controller_target": [0.125, -0.10000000149011612, 0.0]}}
