Unknown attribute "D" in /robot[@name='tidyverse']/joint[@name='panda_joint1']/dynamics
Unknown attribute "K" in /robot[@name='tidyverse']/joint[@name='panda_joint1']/dynamics
Unknown attribute "mu_coulomb" in /robot[@name='tidyverse']/joint[@name='panda_joint1']/dynamics
Unknown attribute "mu_viscous" in /robot[@name='tidyverse']/joint[@name='panda_joint1']/dynamics
Unknown attribute "D" in /robot[@name='tidyverse']/joint[@name='panda_joint2']/dynamics
Unknown attribute "K" in /robot[@name='tidyverse']/joint[@name='panda_joint2']/dynamics
Unknown attribute "mu_coulomb" in /robot[@name='tidyverse']/joint[@name='panda_joint2']/dynamics
Unknown attribute "mu_viscous" in /robot[@name='tidyverse']/joint[@name='panda_joint2']/dynamics
Unknown attribute "D" in /robot[@name='tidyverse']/joint[@name='panda_joint3']/dynamics
Unknown attribute "K" in /robot[@name='tidyverse']/joint[@name='panda_joint3']/dynamics
Unknown attribute "mu_coulomb" in /robot[@name='tidyverse']/joint[@name='panda_joint3']/dynamics
Unknown attribute "mu_viscous" in /robot[@name='tidyverse']/joint[@name='panda_joint3']/dynamics
Unknown attribute "D" in /robot[@name='tidyverse']/joint[@name='panda_joint4']/dynamics
Unknown attribute "K" in /robot[@name='tidyverse']/joint[@name='panda_joint4']/dynamics
Unknown attribute "mu_coulomb" in /robot[@name='tidyverse']/joint[@name='panda_joint4']/dynamics
Unknown attribute "mu_viscous" in /robot[@name='tidyverse']/joint[@name='panda_joint4']/dynamics
Unknown attribute "D" in /robot[@name='tidyverse']/joint[@name='panda_joint5']/dynamics
Unknown attribute "K" in /robot[@name='tidyverse']/joint[@name='panda_joint5']/dynamics
Unknown attribute "mu_coulomb" in /robot[@name='tidyverse']/joint[@name='panda_joint5']/dynamics
Unknown attribute "mu_viscous" in /robot[@name='tidyverse']/joint[@name='panda_joint5']/dynamics
Unknown attribute "D" in /robot[@name='tidyverse']/joint[@name='panda_joint6']/dynamics
Unknown attribute "K" in /robot[@name='tidyverse']/joint[@name='panda_joint6']/dynamics
Unknown attribute "mu_coulomb" in /robot[@name='tidyverse']/joint[@name='panda_joint6']/dynamics
Unknown attribute "mu_viscous" in /robot[@name='tidyverse']/joint[@name='panda_joint6']/dynamics
Unknown attribute "D" in /robot[@name='tidyverse']/joint[@name='panda_joint7']/dynamics
Unknown attribute "K" in /robot[@name='tidyverse']/joint[@name='panda_joint7']/dynamics
Unknown attribute "mu_coulomb" in /robot[@name='tidyverse']/joint[@name='panda_joint7']/dynamics
Unknown attribute "mu_viscous" in /robot[@name='tidyverse']/joint[@name='panda_joint7']/dynamics
[33;1m2026-09-27 06:52:17,037 - mani_skill  - WARNING - tidyverse is not in the task's list of supported robots. Code may not run as intended[0m
[franka-bridge] IK solver loaded from /home/truares/文档/maniskill-tidyverse/arm_franka_maniskill_service/franka_server/tidyverse_arm_only.urdf
[maniskill] Creating env: task=RoboCasa-Pn-P-Counter-To-Cab-v0, control_mode=whole_body, obs_mode=rgb+depth+segmentation, num_envs=1
[obj_inside_of] obj=obj obj_pos=[ 2.1249807  -0.40229976  1.0231758 ] fixture_pos=[ 3.5  -0.2   1.85] fsize=[0.5  0.4  0.92] shifted_fpos=[ 3.5  -0.15  1.85] lower=[ 3.25 -0.35  1.24] upper=[3.75 0.05 2.46] inside=False
[obj_inside_of] obj=obj obj_pos=[ 0.37043473 -1.2857673   0.9915521 ] fixture_pos=[ 0.19998825 -0.94999927  1.85      ] fsize=[0.5  0.4  0.92] shifted_fpos=[ 0.19998825 -0.89999927  1.85      ] lower=[-0.05001175 -1.09999927  1.24      ] upper=[ 0.44998825 -0.69999927  2.46      ] inside=False
[maniskill] Env reset with seed=0 (reconfigure=True)
[maniskill] Simulation device: cpu
[viz-debug] all robot links:
  root: pos=(1.400,-0.950,0.000) q=(-0.000,0.000,0.000,1.000)
  base_x_link: pos=(1.400,-0.950,0.000) q=(-0.000,0.000,0.000,1.000)
  base_y_link: pos=(1.400,-0.950,0.000) q=(-0.000,0.000,0.000,1.000)
  base_link: pos=(1.400,-0.950,0.000) q=(-0.000,0.000,0.000,1.000)
  panda_link0: pos=(1.400,-0.950,0.472) q=(-0.000,0.000,0.000,1.000)
  panda_link1: pos=(1.400,-0.950,0.805) q=(-0.000,0.000,0.000,1.000)
  panda_link2: pos=(1.400,-0.950,0.805) q=(0.270,0.270,-0.653,0.653)
  panda_link3: pos=(1.623,-0.950,1.029) q=(-0.000,0.382,0.000,0.924)
  panda_link4: pos=(1.565,-0.950,1.087) q=(0.500,-0.500,0.500,0.500)
  panda_link5: pos=(1.181,-0.950,1.170) q=(-0.000,-0.707,-0.000,0.707)
  panda_link6: pos=(1.181,-0.950,1.170) q=(-0.120,0.120,0.697,0.697)
  panda_link7: pos=(1.098,-0.950,1.199) q=(-0.157,0.377,0.910,-0.065)
  panda_link8: pos=(1.062,-0.950,1.098) q=(-0.157,0.377,0.910,-0.065)
  robotiq_arg2f_base_link: pos=(1.062,-0.950,1.098) q=(-0.157,0.377,0.910,-0.065)
  eef: pos=(1.014,-0.950,0.962) q=(-0.157,0.377,0.910,-0.065)
  left_outer_knuckle: pos=(1.023,-0.972,1.054) q=(0.065,0.910,-0.377,-0.157)
  left_inner_knuckle: pos=(1.033,-0.959,1.043) q=(0.065,0.910,-0.377,-0.157)
  right_outer_knuckle: pos=(1.064,-0.928,1.039) q=(-0.157,0.377,0.910,-0.065)
  right_inner_knuckle: pos=(1.050,-0.941,1.037) q=(-0.157,0.377,0.910,-0.065)
  left_outer_finger: pos=(1.004,-0.994,1.065) q=(0.065,0.910,-0.377,-0.157)
  right_outer_finger: pos=(1.086,-0.906,1.036) q=(-0.157,0.377,0.910,-0.065)
  left_inner_finger: pos=(0.984,-0.998,1.022) q=(0.065,0.910,-0.377,-0.157)
  right_inner_finger: pos=(1.075,-0.902,0.990) q=(-0.157,0.377,0.910,-0.065)
  left_inner_finger_pad: pos=(0.988,-0.983,0.986) q=(0.065,0.910,-0.377,-0.157)
  right_inner_finger_pad: pos=(1.049,-0.917,0.965) q=(-0.157,0.377,0.910,-0.065)
[viz] cuRobo OBB visualization created (0.734m x 0.524m, red transparent)
[planner] base_link home: pos=[1.3999883, -0.94999486, 0.0] q=[-1.8366026e-06, 0.0, 0.0, 1.0]
[planner] Creating SapienPlanningWorld...

  Planning world contents (ACM mode=strict):
    Robot links (25): ['scene-0-tidyverse_root', 'scene-0-tidyverse_base_x_link', 'scene-0-tidyverse_base_y_link', 'scene-0-tidyverse_base_link', 'scene-0-tidyverse_panda_link0']...
    Articulations (24):
      [PENDING] scene-0_stack_3_left_group_3_0_141 (3 links)
      [PENDING] scene-0_stack_3_left_group_2_0_138 (3 links)
      [PENDING] scene-0_top_left_group_0_119 (4 links)
      [PENDING] scene-0_bottom_left_group_1_0_107 (3 links)
      [PENDING] scene-0_sink_left_group_0_98 (5 links)
      [ROBOT] scene-0_tidyverse_1
      [PENDING] scene-0_cab_1_left_group_0_89 (3 links)
      [PENDING] scene-0_stovetop_main_group_0_36 (8 links)
      [PENDING] scene-0_cab_2_left_group_0_93 (3 links)
      [PENDING] scene-0_stack_1_main_group_1_0_48 (3 links)
      [PENDING] scene-0_stack_2_left_group_1_0_128 (4 links)
      [PENDING] scene-0_stack_1_main_group_3_0_54 (3 links)
      [PENDING] scene-0_stack_1_main_group_4_0_57 (3 links)
      [PENDING] scene-0_stack_2_main_group_1_0_61 (4 links)
      [PENDING] scene-0_stack_3_left_group_1_0_134 (4 links)
      [PENDING] scene-0_stack_1_main_group_2_0_51 (3 links)
      [PENDING] scene-0_stack_3_main_group_1_0_67 (4 links)
      [PENDING] scene-0_cab_main_main_group_0_78 (4 links)
      [PENDING] scene-0_microwave_left_group_0_115 (3 links)
      [PENDING] scene-0_stack_3_main_group_2_0_71 (3 links)
      [PENDING] scene-0_fridge_cab_main_group_0_83 (4 links)
      [PENDING] scene-0_stack_1_left_group_0_123 (3 links)
      [PENDING] scene-0_bottom_left_group_2_0_110 (3 links)
      [PENDING] scene-0_stack_3_main_group_3_0_74 (3 links)
    Static objects (93 total):
      Targets (always checked): 0
      Collision-checked (near, <1.5m): 93
        - fixture_box_stool_3_stool_group  dist=-1.00m
        - fixture_box_stool_2_stool_group  dist=-1.00m
        - fixture_box_stool_1_stool_group  dist=-1.00m
        - fixture_box_knife_block_left_group  dist=-1.00m
        - fixture_box_paper_towel_left_group  dist=-1.00m
        - fixture_box_coffee_machine_left_group  dist=-1.00m
        - fixture_box_stack_3_left_group_3  dist=-1.00m
        - fixture_box_stack_3_left_group_2  dist=-1.00m
        - fixture_box_stack_3_left_group_1  dist=-1.00m
        - fixture_box_stack_3_left_group_base  dist=-1.00m
        - fixture_box_stack_2_left_group_2  dist=-1.00m
        - fixture_box_stack_2_left_group_1  dist=-1.00m
        - fixture_box_micro_housing_left_group  dist=-1.00m
        - fixture_box_microwave_left_group  dist=-1.00m
        - fixture_box_oven_left_group  dist=-1.00m
        - fixture_box_bottom_left_group_1  dist=-1.00m
        - fixture_box_bottom_left_group_base  dist=-1.00m
        - fixture_box_stack_2_left_group_base  dist=-1.00m
        - fixture_box_counter_corner_left_group  dist=-1.00m
        - fixture_box_sink_left_group  dist=-1.00m
        - fixture_box_cab_corner_4_left_group  dist=-1.00m
        - fixture_box_cab_corner_3_left_group  dist=-1.00m
        - fixture_box_cab_2_left_group  dist=-1.00m
        - fixture_box_window_group_left_group  dist=-1.00m
        - fixture_box_oven_housing_left_group  dist=-1.00m
        - fixture_box_utensil_holder_main_group  dist=-1.00m
        - scene-0_dishwasher_left_group_0_126  dist=-1.00m
        - fixture_box_fridge_main_group  dist=-1.00m
        - scene-0_bottom_left_group_base_0_106  dist=-1.00m
        - fixture_box_stack_1_main_group_base  dist=-1.00m
        - fixture_box_cab_1_left_group  dist=-1.00m
        - scene-0_counter_corner_left_group_0_104  dist=-1.00m
        - scene-0_window_group_left_group_0_92  dist=-1.00m
        - fixture_box_counter_1_left_left_group  dist=-1.00m
        - scene-0_utensil_holder_main_group_0_88  dist=-1.00m
        - scene-0_shelves_main_group_0_82  dist=-1.00m
        - scene-0_cab_corner_4_left_group_0_97  dist=-1.00m
        - scene-0_stack_2_left_group_base_0_127  dist=-1.00m
        - fixture_box_stack_1_main_group_4  dist=-1.00m
        - scene-0_floor_room_0_32  dist=-1.00m
        - scene-0_island_left_group_0_105  dist=-1.00m
        - scene-0_stool_3_stool_group_0_150  dist=-1.00m
        - scene-0_distr_counter_0_152  dist=-1.00m
        - scene-0_stack_2_left_group_2_0_132  dist=-1.00m
        - fixture_box_dishwasher_left_group  dist=-1.00m
        - fixture_box_bottom_left_group_2  dist=-1.00m
        - scene-0_hood_main_group_0_77  dist=-1.00m
        - scene-0_wall_room_0_26  dist=-1.00m
        - fixture_box_plant_left_group  dist=-1.00m
        - fixture_box_stack_1_left_group  dist=-1.00m
        - scene-0_wall_left_room_0_27  dist=-1.00m
        - scene-0_counter_corner_main_main_group_0_34  dist=-1.00m
        - fixture_box_counter_1_right_main_group  dist=-1.00m
        - scene-0_counter_1_right_main_group_0_44  dist=-1.00m
        - fixture_box_stack_1_main_group_2  dist=-1.00m
        - scene-0_stack_2_main_group_2_0_65  dist=-1.00m
        - scene-0_toaster_main_group_0_87  dist=-1.00m
        - scene-0_stack_1_main_group_base_0_47  dist=-1.00m
        - scene-0_stack_3_left_group_base_0_133  dist=-1.00m
        - scene-0_obj_0_151  dist=-1.00m
        - fixture_box_hood_main_group  dist=-1.00m
        - scene-0_oven_left_group_0_113  dist=-1.00m
        - scene-0_coffee_machine_left_group_0_144  dist=-1.00m
        - scene-0_cab_corner_3_left_group_0_96  dist=-1.00m
        - fixture_box_fridge_cab_main_group  dist=-1.00m
        - scene-0_stack_2_main_group_base_0_60  dist=-1.00m
        - scene-0_paper_towel_left_group_0_145  dist=-1.00m
        - scene-0_knife_block_left_group_0_146  dist=-1.00m
        - scene-0_stool_2_stool_group_0_149  dist=-1.00m
        - fixture_box_stack_2_main_group_1  dist=-1.00m
        - scene-0_plant_left_group_0_147  dist=-1.00m
        - scene-0_counter_main_main_group_0_35  dist=-1.00m
        - scene-0_stool_1_stool_group_0_148  dist=-1.00m
        - fixture_box_top_left_group  dist=-1.00m
        - fixture_box_counter_corner_main_main_group  dist=-1.00m
        - fixture_box_island_left_group  dist=-1.00m
        - scene-0_counter_1_left_left_group_0_103  dist=-1.00m
        - fixture_box_counter_main_main_group  dist=-1.00m
        - fixture_box_stovetop_main_group  dist=-1.00m
        - fixture_box_stack_2_main_group_2  dist=-1.00m
        - fixture_box_stack_1_main_group_3  dist=-1.00m
        - fixture_box_stack_2_main_group_base  dist=-1.00m
        - scene-0_fridge_main_group_0_45  dist=-1.00m
        - fixture_box_fridge_housing_main_group  dist=-1.00m
        - fixture_box_stack_3_main_group_base  dist=-1.00m
        - fixture_box_stack_3_main_group_2  dist=-1.00m
        - fixture_box_stack_1_main_group_1  dist=-1.00m
        - fixture_box_stack_3_main_group_1  dist=-1.00m
        - fixture_box_stack_3_main_group_3  dist=-1.00m
        - fixture_box_cab_main_main_group  dist=-1.00m
        - scene-0_stack_3_main_group_base_0_66  dist=-1.00m
        - fixture_box_shelves_main_group  dist=-1.00m
        - fixture_box_toaster_main_group  dist=-1.00m
      ACM-relaxed (far): 0

  No initial collisions.
[planner] Added 57 fixture boxes (cached 57 cuboids for cuRobo)
[planner] mplib ready
[curobo] Using in-process planner (set CUROBO_SERVICE_URL to switch)
[curobo] Loading franka_mobile config...
Warp DeprecationWarning: The symbol `warp.torch.device_from_torch` will soon be removed from the public API. Use `warp.device_from_torch` instead.
[curobo] Warming up CUDA kernels...
[curobo] Loading arm-only config (base joints locked)...
[curobo] Ready (15.3s, whole_body + arm_only)
[curobo] Updated collision world: 47 cuboids (skipped 0 overlap, 10 far)
[curobo] Loaded 57 cuboids (transformed world→local)
[curobo] Collision world for target: 47 cuboids (excl 0 at target, 0 overlap, 10 far)
[curobo] Start state collision, retrying with cleared world
[curobo] Plan OK (2.55s, whole_body): 31 waypoints
[planner] dummy plan JIT warmup done (2.6s)
[maniskill] Environment ready (1 env(s))
[franka-bridge] State PUB on 6956, CMD REP on 6955, Stream SUB on 6957
[gripper-bridge] State PUB on 6971, CMD REP on 6970
[base-bridge] Using world-frame poses (no local conversion)
[maniskill] Started 3 bridge(s)
[base-bridge] RPC server listening on port 51400 (env 0)
[maniskill] HTTP API on port 6900 (env 0: /task/success, /task/info, /plan, /perceive, /reset)
[maniskill] Entering physics loop (1 env(s), Ctrl+C to stop)
[obj_inside_of] obj=obj obj_pos=[ 0.37043473 -1.2857673   0.9768375 ] fixture_pos=[ 0.19998825 -0.94999927  1.85      ] fsize=[0.5  0.4  0.92] shifted_fpos=[ 0.19998825 -0.89999927  1.85      ] lower=[-0.05001175 -1.09999927  1.24      ] upper=[ 0.44998825 -0.69999927  2.46      ] inside=False
[viz-debug] base_link.pose=(1.400,-0.950) q=(-0.000,0.000,-0.000,1.000) qpos[0:3]=(-0.000,-0.000,-0.000)
[obj_inside_of] obj=obj obj_pos=[ 0.37053278 -1.2858536   0.949693  ] fixture_pos=[ 0.19998825 -0.94999927  1.85      ] fsize=[0.5  0.4  0.92] shifted_fpos=[ 0.19998825 -0.89999927  1.85      ] lower=[-0.05001175 -1.09999927  1.24      ] upper=[ 0.44998825 -0.69999927  2.46      ] inside=False
[obj_inside_of] obj=obj obj_pos=[ 0.3712309 -1.2865136  0.9497953] fixture_pos=[ 0.19998825 -0.94999927  1.85      ] fsize=[0.5  0.4  0.92] shifted_fpos=[ 0.19998825 -0.89999927  1.85      ] lower=[-0.05001175 -1.09999927  1.24      ] upper=[ 0.44998825 -0.69999927  2.46      ] inside=False
[obj_inside_of] obj=obj obj_pos=[ 0.37135154 -1.2865801   0.9497892 ] fixture_pos=[ 0.19998825 -0.94999927  1.85      ] fsize=[0.5  0.4  0.92] shifted_fpos=[ 0.19998825 -0.89999927  1.85      ] lower=[-0.05001175 -1.09999927  1.24      ] upper=[ 0.44998825 -0.69999927  2.46      ] inside=False
[obj_inside_of] obj=obj obj_pos=[ 0.3712371 -1.2865114  0.9497782] fixture_pos=[ 0.19998825 -0.94999927  1.85      ] fsize=[0.5  0.4  0.92] shifted_fpos=[ 0.19998825 -0.89999927  1.85      ] lower=[-0.05001175 -1.09999927  1.24      ] upper=[ 0.44998825 -0.69999927  2.46      ] inside=False
[obj_inside_of] obj=obj obj_pos=[ 0.3712925  -1.2865629   0.94978344] fixture_pos=[ 0.19998825 -0.94999927  1.85      ] fsize=[0.5  0.4  0.92] shifted_fpos=[ 0.19998825 -0.89999927  1.85      ] lower=[-0.05001175 -1.09999927  1.24      ] upper=[ 0.44998825 -0.69999927  2.46      ] inside=False
[obj_inside_of] obj=obj obj_pos=[ 0.37130037 -1.2865667   0.9497846 ] fixture_pos=[ 0.19998825 -0.94999927  1.85      ] fsize=[0.5  0.4  0.92] shifted_fpos=[ 0.19998825 -0.89999927  1.85      ] lower=[-0.05001175 -1.09999927  1.24      ] upper=[ 0.44998825 -0.69999927  2.46      ] inside=False
[obj_inside_of] obj=obj obj_pos=[ 0.3712895 -1.2865598  0.9497833] fixture_pos=[ 0.19998825 -0.94999927  1.85      ] fsize=[0.5  0.4  0.92] shifted_fpos=[ 0.19998825 -0.89999927  1.85      ] lower=[-0.05001175 -1.09999927  1.24      ] upper=[ 0.44998825 -0.69999927  2.46      ] inside=False
[obj_inside_of] obj=obj obj_pos=[ 0.37129962 -1.2865665   0.9497842 ] fixture_pos=[ 0.19998825 -0.94999927  1.85      ] fsize=[0.5  0.4  0.92] shifted_fpos=[ 0.19998825 -0.89999927  1.85      ] lower=[-0.05001175 -1.09999927  1.24      ] upper=[ 0.44998825 -0.69999927  2.46      ] inside=False
[obj_inside_of] obj=obj obj_pos=[ 0.37129962 -1.2865665   0.9497842 ] fixture_pos=[ 0.19998825 -0.94999927  1.85      ] fsize=[0.5  0.4  0.92] shifted_fpos=[ 0.19998825 -0.89999927  1.85      ] lower=[-0.05001175 -1.09999927  1.24      ] upper=[ 0.44998825 -0.69999927  2.46      ] inside=False
[obj_inside_of] obj=obj obj_pos=[ 0.37129962 -1.2865665   0.9497842 ] fixture_pos=[ 0.19998825 -0.94999927  1.85      ] fsize=[0.5  0.4  0.92] shifted_fpos=[ 0.19998825 -0.89999927  1.85      ] lower=[-0.05001175 -1.09999927  1.24      ] upper=[ 0.44998825 -0.69999927  2.46      ] inside=False
[obj_inside_of] obj=obj obj_pos=[ 0.37129962 -1.2865665   0.9497842 ] fixture_pos=[ 0.19998825 -0.94999927  1.85      ] fsize=[0.5  0.4  0.92] shifted_fpos=[ 0.19998825 -0.89999927  1.85      ] lower=[-0.05001175 -1.09999927  1.24      ] upper=[ 0.44998825 -0.69999927  2.46      ] inside=False
[obj_inside_of] obj=obj obj_pos=[ 0.37129962 -1.2865665   0.9497842 ] fixture_pos=[ 0.19998825 -0.94999927  1.85      ] fsize=[0.5  0.4  0.92] shifted_fpos=[ 0.19998825 -0.89999927  1.85      ] lower=[-0.05001175 -1.09999927  1.24      ] upper=[ 0.44998825 -0.69999927  2.46      ] inside=False
[obj_inside_of] obj=obj obj_pos=[ 0.37129962 -1.2865665   0.9497842 ] fixture_pos=[ 0.19998825 -0.94999927  1.85      ] fsize=[0.5  0.4  0.92] shifted_fpos=[ 0.19998825 -0.89999927  1.85      ] lower=[-0.05001175 -1.09999927  1.24      ] upper=[ 0.44998825 -0.69999927  2.46      ] inside=False
[obj_inside_of] obj=obj obj_pos=[ 0.37129962 -1.2865665   0.9497842 ] fixture_pos=[ 0.19998825 -0.94999927  1.85      ] fsize=[0.5  0.4  0.92] shifted_fpos=[ 0.19998825 -0.89999927  1.85      ] lower=[-0.05001175 -1.09999927  1.24      ] upper=[ 0.44998825 -0.69999927  2.46      ] inside=False
[obj_inside_of] obj=obj obj_pos=[ 0.37129962 -1.2865665   0.9497842 ] fixture_pos=[ 0.19998825 -0.94999927  1.85      ] fsize=[0.5  0.4  0.92] shifted_fpos=[ 0.19998825 -0.89999927  1.85      ] lower=[-0.05001175 -1.09999927  1.24      ] upper=[ 0.44998825 -0.69999927  2.46      ] inside=False
[obj_inside_of] obj=obj obj_pos=[ 0.37129962 -1.2865665   0.9497842 ] fixture_pos=[ 0.19998825 -0.94999927  1.85      ] fsize=[0.5  0.4  0.92] shifted_fpos=[ 0.19998825 -0.89999927  1.85      ] lower=[-0.05001175 -1.09999927  1.24      ] upper=[ 0.44998825 -0.69999927  2.46      ] inside=False
[obj_inside_of] obj=obj obj_pos=[ 0.37129962 -1.2865665   0.9497842 ] fixture_pos=[ 0.19998825 -0.94999927  1.85      ] fsize=[0.5  0.4  0.92] shifted_fpos=[ 0.19998825 -0.89999927  1.85      ] lower=[-0.05001175 -1.09999927  1.24      ] upper=[ 0.44998825 -0.69999927  2.46      ] inside=False
[obj_inside_of] obj=obj obj_pos=[ 0.37129962 -1.2865665   0.9497842 ] fixture_pos=[ 0.19998825 -0.94999927  1.85      ] fsize=[0.5  0.4  0.92] shifted_fpos=[ 0.19998825 -0.89999927  1.85      ] lower=[-0.05001175 -1.09999927  1.24      ] upper=[ 0.44998825 -0.69999927  2.46      ] inside=False
[obj_inside_of] obj=obj obj_pos=[ 0.37129962 -1.2865665   0.9497842 ] fixture_pos=[ 0.19998825 -0.94999927  1.85      ] fsize=[0.5  0.4  0.92] shifted_fpos=[ 0.19998825 -0.89999927  1.85      ] lower=[-0.05001175 -1.09999927  1.24      ] upper=[ 0.44998825 -0.69999927  2.46      ] inside=False
[obj_inside_of] obj=obj obj_pos=[ 2.3640594  -0.37408665  1.066858  ] fixture_pos=[ 3.5  -0.2   1.85] fsize=[0.5  0.4  0.92] shifted_fpos=[ 3.5  -0.15  1.85] lower=[ 3.25 -0.35  1.24] upper=[3.75 0.05 2.46] inside=False
[obj_inside_of] obj=obj obj_pos=[ 2.3639796  -0.37491173  1.0513165 ] fixture_pos=[ 3.5  -0.2   1.85] fsize=[0.5  0.4  0.92] shifted_fpos=[ 3.5  -0.15  1.85] lower=[ 3.25 -0.35  1.24] upper=[3.75 0.05 2.46] inside=False
[obj_inside_of] obj=obj obj_pos=[ 2.3642411 -0.3747983  1.0163018] fixture_pos=[ 3.5  -0.2   1.85] fsize=[0.5  0.4  0.92] shifted_fpos=[ 3.5  -0.15  1.85] lower=[ 3.25 -0.35  1.24] upper=[3.75 0.05 2.46] inside=False
[obj_inside_of] obj=obj obj_pos=[ 2.3640594  -0.37408665  1.066858  ] fixture_pos=[ 3.5  -0.2   1.85] fsize=[0.5  0.4  0.92] shifted_fpos=[ 3.5  -0.15  1.85] lower=[ 3.25 -0.35  1.24] upper=[3.75 0.05 2.46] inside=False
[obj_inside_of] obj=obj obj_pos=[ 2.3639796  -0.37491173  1.0513165 ] fixture_pos=[ 3.5  -0.2   1.85] fsize=[0.5  0.4  0.92] shifted_fpos=[ 3.5  -0.15  1.85] lower=[ 3.25 -0.35  1.24] upper=[3.75 0.05 2.46] inside=False
[obj_inside_of] obj=obj obj_pos=[ 2.3642411 -0.3747983  1.0163018] fixture_pos=[ 3.5  -0.2   1.85] fsize=[0.5  0.4  0.92] shifted_fpos=[ 3.5  -0.15  1.85] lower=[ 3.25 -0.35  1.24] upper=[3.75 0.05 2.46] inside=False
[obj_inside_of] obj=obj obj_pos=[ 2.3620605  -0.39356458  1.0123966 ] fixture_pos=[ 3.5  -0.2   1.85] fsize=[0.5  0.4  0.92] shifted_fpos=[ 3.5  -0.15  1.85] lower=[ 3.25 -0.35  1.24] upper=[3.75 0.05 2.46] inside=False
[obj_inside_of] obj=obj obj_pos=[ 2.359226   -0.40837803  1.0114565 ] fixture_pos=[ 3.5  -0.2   1.85] fsize=[0.5  0.4  0.92] shifted_fpos=[ 3.5  -0.15  1.85] lower=[ 3.25 -0.35  1.24] upper=[3.75 0.05 2.46] inside=False
[perceive] 20 objects from ['base_camera', 'wrist_camera']: ['hingerightdoor', 'kettle_electric', 'plate', 'floor_room_0', 'window_group_main_group_0', 'inner_box', 'wall_room_0', 'counter_main_main_group_0', 'toaster_main_group_0', 'counter_corner_2_main_group_0']...
[obj_inside_of] obj=obj obj_pos=[ 2.3554857  -0.41914234  1.0121377 ] fixture_pos=[ 3.5  -0.2   1.85] fsize=[0.5  0.4  0.92] shifted_fpos=[ 3.5  -0.15  1.85] lower=[ 3.25 -0.35  1.24] upper=[3.75 0.05 2.46] inside=False
[obj_inside_of] obj=obj obj_pos=[ 2.3554857  -0.41914234  1.0121377 ] fixture_pos=[ 3.5  -0.2   1.85] fsize=[0.5  0.4  0.92] shifted_fpos=[ 3.5  -0.15  1.85] lower=[ 3.25 -0.35  1.24] upper=[3.75 0.05 2.46] inside=False
[obj_inside_of] obj=obj obj_pos=[ 2.3516138  -0.42751065  1.0119675 ] fixture_pos=[ 3.5  -0.2   1.85] fsize=[0.5  0.4  0.92] shifted_fpos=[ 3.5  -0.15  1.85] lower=[ 3.25 -0.35  1.24] upper=[3.75 0.05 2.46] inside=False
[obj_inside_of] obj=obj obj_pos=[ 0.64669263 -0.45527878  1.0334198 ] fixture_pos=[ 2.25 -0.2   1.85] fsize=[1.   0.4  0.92] shifted_fpos=[ 2.25 -0.15  1.85] lower=[ 2.   -0.35  1.24] upper=[2.5  0.05 2.46] inside=False
[obj_inside_of] obj=obj obj_pos=[ 0.64669263 -0.45527878  1.0187052 ] fixture_pos=[ 2.25 -0.2   1.85] fsize=[1.   0.4  0.92] shifted_fpos=[ 2.25 -0.15  1.85] lower=[ 2.   -0.35  1.24] upper=[2.5  0.05 2.46] inside=False
[obj_inside_of] obj=obj obj_pos=[ 0.64669263 -0.45527878  0.97946537] fixture_pos=[ 2.25 -0.2   1.85] fsize=[1.   0.4  0.92] shifted_fpos=[ 2.25 -0.15  1.85] lower=[ 2.   -0.35  1.24] upper=[2.5  0.05 2.46] inside=False
[obj_inside_of] obj=obj obj_pos=[ 0.64669263 -0.45527878  1.0334198 ] fixture_pos=[ 2.25 -0.2   1.85] fsize=[1.   0.4  0.92] shifted_fpos=[ 2.25 -0.15  1.85] lower=[ 2.   -0.35  1.24] upper=[2.5  0.05 2.46] inside=False
[obj_inside_of] obj=obj obj_pos=[ 0.64669263 -0.45527878  1.0187052 ] fixture_pos=[ 2.25 -0.2   1.85] fsize=[1.   0.4  0.92] shifted_fpos=[ 2.25 -0.15  1.85] lower=[ 2.   -0.35  1.24] upper=[2.5  0.05 2.46] inside=False
[obj_inside_of] obj=obj obj_pos=[ 0.64669263 -0.45527878  0.97946537] fixture_pos=[ 2.25 -0.2   1.85] fsize=[1.   0.4  0.92] shifted_fpos=[ 2.25 -0.15  1.85] lower=[ 2.   -0.35  1.24] upper=[2.5  0.05 2.46] inside=False
[obj_inside_of] obj=obj obj_pos=[ 0.6473741  -0.45836702  0.9547994 ] fixture_pos=[ 2.25 -0.2   1.85] fsize=[1.   0.4  0.92] shifted_fpos=[ 2.25 -0.15  1.85] lower=[ 2.   -0.35  1.24] upper=[2.5  0.05 2.46] inside=False
[obj_inside_of] obj=obj obj_pos=[ 0.6480861  -0.4582904   0.95453507] fixture_pos=[ 2.25 -0.2   1.85] fsize=[1.   0.4  0.92] shifted_fpos=[ 2.25 -0.15  1.85] lower=[ 2.   -0.35  1.24] upper=[2.5  0.05 2.46] inside=False
[perceive] 22 objects from ['base_camera', 'wrist_camera']: ['stack_2_main_group_2_0', 'dishwasher_main_group_0', 'inner_box', 'handle', 'spout', 'floor_room_0', 'counter_main_main_group_0', 'hingedoor', 'paper_towel_main_group_0', 'outlet_2_room_0']...
[obj_inside_of] obj=obj obj_pos=[ 0.65005946 -0.4586235   0.95432895] fixture_pos=[ 2.25 -0.2   1.85] fsize=[1.   0.4  0.92] shifted_fpos=[ 2.25 -0.15  1.85] lower=[ 2.   -0.35  1.24] upper=[2.5  0.05 2.46] inside=False
[obj_inside_of] obj=obj obj_pos=[ 0.65005946 -0.4586235   0.95432895] fixture_pos=[ 2.25 -0.2   1.85] fsize=[1.   0.4  0.92] shifted_fpos=[ 2.25 -0.15  1.85] lower=[ 2.   -0.35  1.24] upper=[2.5  0.05 2.46] inside=False
[obj_inside_of] obj=obj obj_pos=[ 0.6531384  -0.4593014   0.95384294] fixture_pos=[ 2.25 -0.2   1.85] fsize=[1.   0.4  0.92] shifted_fpos=[ 2.25 -0.15  1.85] lower=[ 2.   -0.35  1.24] upper=[2.5  0.05 2.46] inside=False
[obj_inside_of] obj=obj obj_pos=[ 2.4589896 -0.334902   0.9912061] fixture_pos=[ 0.5  -0.2   1.85] fsize=[0.5  0.4  0.92] shifted_fpos=[ 0.5  -0.15  1.85] lower=[ 0.25 -0.35  1.24] upper=[0.75 0.05 2.46] inside=False
[obj_inside_of] obj=obj obj_pos=[ 2.4589896 -0.334902   0.9764915] fixture_pos=[ 0.5  -0.2   1.85] fsize=[0.5  0.4  0.92] shifted_fpos=[ 0.5  -0.15  1.85] lower=[ 0.25 -0.35  1.24] upper=[0.75 0.05 2.46] inside=False
[obj_inside_of] obj=obj obj_pos=[ 2.458628  -0.334088   0.9469528] fixture_pos=[ 0.5  -0.2   1.85] fsize=[0.5  0.4  0.92] shifted_fpos=[ 0.5  -0.15  1.85] lower=[ 0.25 -0.35  1.24] upper=[0.75 0.05 2.46] inside=False
[obj_inside_of] obj=obj obj_pos=[ 2.4589896 -0.334902   0.9912061] fixture_pos=[ 0.5  -0.2   1.85] fsize=[0.5  0.4  0.92] shifted_fpos=[ 0.5  -0.15  1.85] lower=[ 0.25 -0.35  1.24] upper=[0.75 0.05 2.46] inside=False
[obj_inside_of] obj=obj obj_pos=[ 2.4589896 -0.334902   0.9764915] fixture_pos=[ 0.5  -0.2   1.85] fsize=[0.5  0.4  0.92] shifted_fpos=[ 0.5  -0.15  1.85] lower=[ 0.25 -0.35  1.24] upper=[0.75 0.05 2.46] inside=False
[obj_inside_of] obj=obj obj_pos=[ 2.458628  -0.334088   0.9469528] fixture_pos=[ 0.5  -0.2   1.85] fsize=[0.5  0.4  0.92] shifted_fpos=[ 0.5  -0.15  1.85] lower=[ 0.25 -0.35  1.24] upper=[0.75 0.05 2.46] inside=False
[obj_inside_of] obj=obj obj_pos=[ 2.4561732  -0.32958773  0.9469699 ] fixture_pos=[ 0.5  -0.2   1.85] fsize=[0.5  0.4  0.92] shifted_fpos=[ 0.5  -0.15  1.85] lower=[ 0.25 -0.35  1.24] upper=[0.75 0.05 2.46] inside=False
[obj_inside_of] obj=obj obj_pos=[ 2.4537823  -0.3279454   0.94777954] fixture_pos=[ 0.5  -0.2   1.85] fsize=[0.5  0.4  0.92] shifted_fpos=[ 0.5  -0.15  1.85] lower=[ 0.25 -0.35  1.24] upper=[0.75 0.05 2.46] inside=False
[perceive] 13 objects from ['base_camera', 'wrist_camera']: ['floor_room_0', 'stack_2_main_group_2_0', 'dishwasher_main_group_0', 'inner_box', 'spout', 'counter_main_main_group_0', 'wall_room_0', 'outlet_2_room_0', 'hingerightdoor', 'hingeleftdoor']...
[obj_inside_of] obj=obj obj_pos=[ 2.451412   -0.32909632  0.9478703 ] fixture_pos=[ 0.5  -0.2   1.85] fsize=[0.5  0.4  0.92] shifted_fpos=[ 0.5  -0.15  1.85] lower=[ 0.25 -0.35  1.24] upper=[0.75 0.05 2.46] inside=False
[obj_inside_of] obj=obj obj_pos=[ 2.451412   -0.32909632  0.9478703 ] fixture_pos=[ 0.5  -0.2   1.85] fsize=[0.5  0.4  0.92] shifted_fpos=[ 0.5  -0.15  1.85] lower=[ 0.25 -0.35  1.24] upper=[0.75 0.05 2.46] inside=False
[obj_inside_of] obj=obj obj_pos=[ 2.451195   -0.33153123  0.9476317 ] fixture_pos=[ 0.5  -0.2   1.85] fsize=[0.5  0.4  0.92] shifted_fpos=[ 0.5  -0.15  1.85] lower=[ 0.25 -0.35  1.24] upper=[0.75 0.05 2.46] inside=False
[obj_inside_of] obj=obj obj_pos=[ 2.7842183  -0.30779278  0.97865164] fixture_pos=[ 3.2  -0.2   1.85] fsize=[1.   0.4  0.92] shifted_fpos=[ 3.2  -0.15  1.85] lower=[ 2.95 -0.35  1.24] upper=[3.45 0.05 2.46] inside=False
[obj_inside_of] obj=obj obj_pos=[ 2.7842183  -0.30779278  0.96393704] fixture_pos=[ 3.2  -0.2   1.85] fsize=[1.   0.4  0.92] shifted_fpos=[ 3.2  -0.15  1.85] lower=[ 2.95 -0.35  1.24] upper=[3.45 0.05 2.46] inside=False
[obj_inside_of] obj=obj obj_pos=[ 2.7842898  -0.30707595  0.94862425] fixture_pos=[ 3.2  -0.2   1.85] fsize=[1.   0.4  0.92] shifted_fpos=[ 3.2  -0.15  1.85] lower=[ 2.95 -0.35  1.24] upper=[3.45 0.05 2.46] inside=False
[obj_inside_of] obj=obj obj_pos=[ 2.7842183  -0.30779278  0.97865164] fixture_pos=[ 3.2  -0.2   1.85] fsize=[1.   0.4  0.92] shifted_fpos=[ 3.2  -0.15  1.85] lower=[ 2.95 -0.35  1.24] upper=[3.45 0.05 2.46] inside=False
[obj_inside_of] obj=obj obj_pos=[ 2.7842183  -0.30779278  0.96393704] fixture_pos=[ 3.2  -0.2   1.85] fsize=[1.   0.4  0.92] shifted_fpos=[ 3.2  -0.15  1.85] lower=[ 2.95 -0.35  1.24] upper=[3.45 0.05 2.46] inside=False
[obj_inside_of] obj=obj obj_pos=[ 2.7842898  -0.30707595  0.94862425] fixture_pos=[ 3.2  -0.2   1.85] fsize=[1.   0.4  0.92] shifted_fpos=[ 3.2  -0.15  1.85] lower=[ 2.95 -0.35  1.24] upper=[3.45 0.05 2.46] inside=False
[obj_inside_of] obj=obj obj_pos=[ 2.7845726  -0.30784324  0.94848704] fixture_pos=[ 3.2  -0.2   1.85] fsize=[1.   0.4  0.92] shifted_fpos=[ 3.2  -0.15  1.85] lower=[ 2.95 -0.35  1.24] upper=[3.45 0.05 2.46] inside=False
[obj_inside_of] obj=obj obj_pos=[ 2.7843409  -0.30770886  0.94847363] fixture_pos=[ 3.2  -0.2   1.85] fsize=[1.   0.4  0.92] shifted_fpos=[ 3.2  -0.15  1.85] lower=[ 2.95 -0.35  1.24] upper=[3.45 0.05 2.46] inside=False
[perceive] 22 objects from ['base_camera', 'wrist_camera']: ['stack_2_main_group_2_0', 'spout', 'handle', 'dishwasher_main_group_0', 'floor_room_0', 'avocado', 'window_group_main_group_0', 'inner_box', 'tray', 'hingeleftdoor']...
[obj_inside_of] obj=obj obj_pos=[ 2.784248   -0.3078046   0.94848216] fixture_pos=[ 3.2  -0.2   1.85] fsize=[1.   0.4  0.92] shifted_fpos=[ 3.2  -0.15  1.85] lower=[ 2.95 -0.35  1.24] upper=[3.45 0.05 2.46] inside=False
[obj_inside_of] obj=obj obj_pos=[ 2.784248   -0.3078046   0.94848216] fixture_pos=[ 3.2  -0.2   1.85] fsize=[1.   0.4  0.92] shifted_fpos=[ 3.2  -0.15  1.85] lower=[ 2.95 -0.35  1.24] upper=[3.45 0.05 2.46] inside=False
[obj_inside_of] obj=obj obj_pos=[ 2.784262   -0.30779934  0.9484816 ] fixture_pos=[ 3.2  -0.2   1.85] fsize=[1.   0.4  0.92] shifted_fpos=[ 3.2  -0.15  1.85] lower=[ 2.95 -0.35  1.24] upper=[3.45 0.05 2.46] inside=False
[obj_inside_of] obj=obj obj_pos=[ 4.0375557  -2.2646768   0.98311037] fixture_pos=[ 4.19999424 -2.21799927  1.85      ] fsize=[0.5  0.4  0.92] shifted_fpos=[ 4.19999424 -2.16799927  1.85      ] lower=[ 3.94999424 -2.36799927  1.24      ] upper=[ 4.44999424 -1.96799927  2.46      ] inside=False
[obj_inside_of] obj=obj obj_pos=[ 4.0375557  -2.2646768   0.96839577] fixture_pos=[ 4.19999424 -2.21799927  1.85      ] fsize=[0.5  0.4  0.92] shifted_fpos=[ 4.19999424 -2.16799927  1.85      ] lower=[ 3.94999424 -2.36799927  1.24      ] upper=[ 4.44999424 -1.96799927  2.46      ] inside=False
[obj_inside_of] obj=obj obj_pos=[ 4.038794   -2.2653093   0.95553505] fixture_pos=[ 4.19999424 -2.21799927  1.85      ] fsize=[0.5  0.4  0.92] shifted_fpos=[ 4.19999424 -2.16799927  1.85      ] lower=[ 3.94999424 -2.36799927  1.24      ] upper=[ 4.44999424 -1.96799927  2.46      ] inside=False
[obj_inside_of] obj=obj obj_pos=[ 4.0375557  -2.2646768   0.98311037] fixture_pos=[ 4.19999424 -2.21799927  1.85      ] fsize=[0.5  0.4  0.92] shifted_fpos=[ 4.19999424 -2.16799927  1.85      ] lower=[ 3.94999424 -2.36799927  1.24      ] upper=[ 4.44999424 -1.96799927  2.46      ] inside=False
[obj_inside_of] obj=obj obj_pos=[ 4.0375557  -2.2646768   0.96839577] fixture_pos=[ 4.19999424 -2.21799927  1.85      ] fsize=[0.5  0.4  0.92] shifted_fpos=[ 4.19999424 -2.16799927  1.85      ] lower=[ 3.94999424 -2.36799927  1.24      ] upper=[ 4.44999424 -1.96799927  2.46      ] inside=False
[obj_inside_of] obj=obj obj_pos=[ 4.038794   -2.2653093   0.95553505] fixture_pos=[ 4.19999424 -2.21799927  1.85      ] fsize=[0.5  0.4  0.92] shifted_fpos=[ 4.19999424 -2.16799927  1.85      ] lower=[ 3.94999424 -2.36799927  1.24      ] upper=[ 4.44999424 -1.96799927  2.46      ] inside=False
[obj_inside_of] obj=obj obj_pos=[ 4.0368543  -2.2654328   0.95641476] fixture_pos=[ 4.19999424 -2.21799927  1.85      ] fsize=[0.5  0.4  0.92] shifted_fpos=[ 4.19999424 -2.16799927  1.85      ] lower=[ 3.94999424 -2.36799927  1.24      ] upper=[ 4.44999424 -1.96799927  2.46      ] inside=False
[obj_inside_of] obj=obj obj_pos=[ 4.036946  -2.2673013  0.9557815] fixture_pos=[ 4.19999424 -2.21799927  1.85      ] fsize=[0.5  0.4  0.92] shifted_fpos=[ 4.19999424 -2.16799927  1.85      ] lower=[ 3.94999424 -2.36799927  1.24      ] upper=[ 4.44999424 -1.96799927  2.46      ] inside=False
[perceive] 24 objects from ['base_camera', 'wrist_camera']: ['floor_room_0', 'counter_corner_right_main_group_0', 'counter_corner_right_group_0', 'counter_1_right_group_0', 'object', 'inner_box', 'fridge_housing_right_group_0', 'door', 'knife_block_right_group_0', 'counter_2_right_group_0']...
[obj_inside_of] obj=obj obj_pos=[ 4.0356526  -2.2704563   0.95549303] fixture_pos=[ 4.19999424 -2.21799927  1.85      ] fsize=[0.5  0.4  0.92] shifted_fpos=[ 4.19999424 -2.16799927  1.85      ] lower=[ 3.94999424 -2.36799927  1.24      ] upper=[ 4.44999424 -1.96799927  2.46      ] inside=False
[obj_inside_of] obj=obj obj_pos=[ 4.0356526  -2.2704563   0.95549303] fixture_pos=[ 4.19999424 -2.21799927  1.85      ] fsize=[0.5  0.4  0.92] shifted_fpos=[ 4.19999424 -2.16799927  1.85      ] lower=[ 3.94999424 -2.36799927  1.24      ] upper=[ 4.44999424 -1.96799927  2.46      ] inside=False
[obj_inside_of] obj=obj obj_pos=[ 4.033573  -2.2769938  0.9537113] fixture_pos=[ 4.19999424 -2.21799927  1.85      ] fsize=[0.5  0.4  0.92] shifted_fpos=[ 4.19999424 -2.16799927  1.85      ] lower=[ 3.94999424 -2.36799927  1.24      ] upper=[ 4.44999424 -1.96799927  2.46      ] inside=False
[obj_inside_of] obj=obj obj_pos=[ 5.434601  -1.0455     1.0656874] fixture_pos=[ 5.69998806 -1.69999927  1.85      ] fsize=[1.   0.4  0.92] shifted_fpos=[ 5.69998806 -1.64999927  1.85      ] lower=[ 5.44998806 -1.84999927  1.24      ] upper=[ 5.94998806 -1.44999927  2.46      ] inside=False
[obj_inside_of] obj=obj obj_pos=[ 5.434601  -1.0455     1.0509725] fixture_pos=[ 5.69998806 -1.69999927  1.85      ] fsize=[1.   0.4  0.92] shifted_fpos=[ 5.69998806 -1.64999927  1.85      ] lower=[ 5.44998806 -1.84999927  1.24      ] upper=[ 5.94998806 -1.44999927  2.46      ] inside=False
[obj_inside_of] obj=obj obj_pos=[ 5.434601  -1.0455     1.0117317] fixture_pos=[ 5.69998806 -1.69999927  1.85      ] fsize=[1.   0.4  0.92] shifted_fpos=[ 5.69998806 -1.64999927  1.85      ] lower=[ 5.44998806 -1.84999927  1.24      ] upper=[ 5.94998806 -1.44999927  2.46      ] inside=False
[obj_inside_of] obj=obj obj_pos=[ 5.434601  -1.0455     1.0656874] fixture_pos=[ 5.69998806 -1.69999927  1.85      ] fsize=[1.   0.4  0.92] shifted_fpos=[ 5.69998806 -1.64999927  1.85      ] lower=[ 5.44998806 -1.84999927  1.24      ] upper=[ 5.94998806 -1.44999927  2.46      ] inside=False
[obj_inside_of] obj=obj obj_pos=[ 5.434601  -1.0455     1.0509725] fixture_pos=[ 5.69998806 -1.69999927  1.85      ] fsize=[1.   0.4  0.92] shifted_fpos=[ 5.69998806 -1.64999927  1.85      ] lower=[ 5.44998806 -1.84999927  1.24      ] upper=[ 5.94998806 -1.44999927  2.46      ] inside=False
[obj_inside_of] obj=obj obj_pos=[ 5.434601  -1.0455     1.0117317] fixture_pos=[ 5.69998806 -1.69999927  1.85      ] fsize=[1.   0.4  0.92] shifted_fpos=[ 5.69998806 -1.64999927  1.85      ] lower=[ 5.44998806 -1.84999927  1.24      ] upper=[ 5.94998806 -1.44999927  2.46      ] inside=False
[obj_inside_of] obj=obj obj_pos=[ 5.434706  -1.0456259  1.0050358] fixture_pos=[ 5.69998806 -1.69999927  1.85      ] fsize=[1.   0.4  0.92] shifted_fpos=[ 5.69998806 -1.64999927  1.85      ] lower=[ 5.44998806 -1.84999927  1.24      ] upper=[ 5.94998806 -1.44999927  2.46      ] inside=False
[obj_inside_of] obj=obj obj_pos=[ 5.4345675 -1.0454504  1.0050018] fixture_pos=[ 5.69998806 -1.69999927  1.85      ] fsize=[1.   0.4  0.92] shifted_fpos=[ 5.69998806 -1.64999927  1.85      ] lower=[ 5.44998806 -1.84999927  1.24      ] upper=[ 5.94998806 -1.44999927  2.46      ] inside=False
[perceive] 24 objects from ['base_camera', 'wrist_camera']: ['floor_room_0', 'inner_box', 'stack_4_main_group_base_0', 'counter_1_main_group_0', 'dishwasher_right_group_0', 'island_island_group_0', 'cereal', 'stack_1_right_group_2_0', 'hingeleftdoor', 'counter_1_right_group_0']...
[obj_inside_of] obj=obj obj_pos=[ 5.4345784 -1.0454675  1.0049989] fixture_pos=[ 5.69998806 -1.69999927  1.85      ] fsize=[1.   0.4  0.92] shifted_fpos=[ 5.69998806 -1.64999927  1.85      ] lower=[ 5.44998806 -1.84999927  1.24      ] upper=[ 5.94998806 -1.44999927  2.46      ] inside=False
[obj_inside_of] obj=obj obj_pos=[ 5.4345784 -1.0454675  1.0049989] fixture_pos=[ 5.69998806 -1.69999927  1.85      ] fsize=[1.   0.4  0.92] shifted_fpos=[ 5.69998806 -1.64999927  1.85      ] lower=[ 5.44998806 -1.84999927  1.24      ] upper=[ 5.94998806 -1.44999927  2.46      ] inside=False
[obj_inside_of] obj=obj obj_pos=[ 5.434567  -1.0454506  1.0050013] fixture_pos=[ 5.69998806 -1.69999927  1.85      ] fsize=[1.   0.4  0.92] shifted_fpos=[ 5.69998806 -1.64999927  1.85      ] lower=[ 5.44998806 -1.84999927  1.24      ] upper=[ 5.94998806 -1.44999927  2.46      ] inside=False
[obj_inside_of] obj=obj obj_pos=[ 3.9898167 -1.0837082  1.010208 ] fixture_pos=[ 4.1999989  -0.94999927  1.85      ] fsize=[0.5  0.4  0.92] shifted_fpos=[ 4.1999989  -0.89999927  1.85      ] lower=[ 3.9499989  -1.09999927  1.24      ] upper=[ 4.4499989  -0.69999927  2.46      ] inside=False
[obj_inside_of] obj=obj obj_pos=[ 3.9898167 -1.0837082  0.9954934] fixture_pos=[ 4.1999989  -0.94999927  1.85      ] fsize=[0.5  0.4  0.92] shifted_fpos=[ 4.1999989  -0.89999927  1.85      ] lower=[ 3.9499989  -1.09999927  1.24      ] upper=[ 4.4499989  -0.69999927  2.46      ] inside=False
[obj_inside_of] obj=obj obj_pos=[ 3.9898922  -1.0837792   0.95792687] fixture_pos=[ 4.1999989  -0.94999927  1.85      ] fsize=[0.5  0.4  0.92] shifted_fpos=[ 4.1999989  -0.89999927  1.85      ] lower=[ 3.9499989  -1.09999927  1.24      ] upper=[ 4.4499989  -0.69999927  2.46      ] inside=False
[obj_inside_of] obj=obj obj_pos=[ 3.9898167 -1.0837082  1.010208 ] fixture_pos=[ 4.1999989  -0.94999927  1.85      ] fsize=[0.5  0.4  0.92] shifted_fpos=[ 4.1999989  -0.89999927  1.85      ] lower=[ 3.9499989  -1.09999927  1.24      ] upper=[ 4.4499989  -0.69999927  2.46      ] inside=False
[obj_inside_of] obj=obj obj_pos=[ 3.9898167 -1.0837082  0.9954934] fixture_pos=[ 4.1999989  -0.94999927  1.85      ] fsize=[0.5  0.4  0.92] shifted_fpos=[ 4.1999989  -0.89999927  1.85      ] lower=[ 3.9499989  -1.09999927  1.24      ] upper=[ 4.4499989  -0.69999927  2.46      ] inside=False
[obj_inside_of] obj=obj obj_pos=[ 3.9898922  -1.0837792   0.95792687] fixture_pos=[ 4.1999989  -0.94999927  1.85      ] fsize=[0.5  0.4  0.92] shifted_fpos=[ 4.1999989  -0.89999927  1.85      ] lower=[ 3.9499989  -1.09999927  1.24      ] upper=[ 4.4499989  -0.69999927  2.46      ] inside=False
[obj_inside_of] obj=obj obj_pos=[ 3.9898646  -1.0837109   0.95791656] fixture_pos=[ 4.1999989  -0.94999927  1.85      ] fsize=[0.5  0.4  0.92] shifted_fpos=[ 4.1999989  -0.89999927  1.85      ] lower=[ 3.9499989  -1.09999927  1.24      ] upper=[ 4.4499989  -0.69999927  2.46      ] inside=False
[obj_inside_of] obj=obj obj_pos=[ 3.9898617 -1.0837096  0.9579172] fixture_pos=[ 4.1999989  -0.94999927  1.85      ] fsize=[0.5  0.4  0.92] shifted_fpos=[ 4.1999989  -0.89999927  1.85      ] lower=[ 3.9499989  -1.09999927  1.24      ] upper=[ 4.4499989  -0.69999927  2.46      ] inside=False
[perceive] 29 objects from ['base_camera', 'wrist_camera']: ['floor_room_0', 'counter_main_main_group_0', 'toaster_main_group_0', 'knob_front_left', 'hingedoor', 'knob_rear_left', 'inner_box', 'knob_center', 'counter_corner_right_group_0', 'object']...
[obj_inside_of] obj=obj obj_pos=[ 3.989862   -1.0837103   0.95791703] fixture_pos=[ 4.1999989  -0.94999927  1.85      ] fsize=[0.5  0.4  0.92] shifted_fpos=[ 4.1999989  -0.89999927  1.85      ] lower=[ 3.9499989  -1.09999927  1.24      ] upper=[ 4.4499989  -0.69999927  2.46      ] inside=False
[obj_inside_of] obj=obj obj_pos=[ 3.989862   -1.0837103   0.95791703] fixture_pos=[ 4.1999989  -0.94999927  1.85      ] fsize=[0.5  0.4  0.92] shifted_fpos=[ 4.1999989  -0.89999927  1.85      ] lower=[ 3.9499989  -1.09999927  1.24      ] upper=[ 4.4499989  -0.69999927  2.46      ] inside=False
[obj_inside_of] obj=obj obj_pos=[ 3.989861   -1.0837098   0.95791715] fixture_pos=[ 4.1999989  -0.94999927  1.85      ] fsize=[0.5  0.4  0.92] shifted_fpos=[ 4.1999989  -0.89999927  1.85      ] lower=[ 3.9499989  -1.09999927  1.24      ] upper=[ 4.4499989  -0.69999927  2.46      ] inside=False
[obj_inside_of] obj=obj obj_pos=[ 0.3739319 -3.3182147  0.9934116] fixture_pos=[ 0.19998733 -0.94999927  1.85      ] fsize=[0.5  0.4  0.92] shifted_fpos=[ 0.19998733 -0.89999927  1.85      ] lower=[-0.05001267 -1.09999927  1.24      ] upper=[ 0.44998733 -0.69999927  2.46      ] inside=False
[obj_inside_of] obj=obj obj_pos=[ 0.3739319 -3.3182147  0.978697 ] fixture_pos=[ 0.19998733 -0.94999927  1.85      ] fsize=[0.5  0.4  0.92] shifted_fpos=[ 0.19998733 -0.89999927  1.85      ] lower=[-0.05001267 -1.09999927  1.24      ] upper=[ 0.44998733 -0.69999927  2.46      ] inside=False
[obj_inside_of] obj=obj obj_pos=[ 0.37372094 -3.31785     0.95180994] fixture_pos=[ 0.19998733 -0.94999927  1.85      ] fsize=[0.5  0.4  0.92] shifted_fpos=[ 0.19998733 -0.89999927  1.85      ] lower=[-0.05001267 -1.09999927  1.24      ] upper=[ 0.44998733 -0.69999927  2.46      ] inside=False
[obj_inside_of] obj=obj obj_pos=[ 0.3739319 -3.3182147  0.9934116] fixture_pos=[ 0.19998733 -0.94999927  1.85      ] fsize=[0.5  0.4  0.92] shifted_fpos=[ 0.19998733 -0.89999927  1.85      ] lower=[-0.05001267 -1.09999927  1.24      ] upper=[ 0.44998733 -0.69999927  2.46      ] inside=False
[obj_inside_of] obj=obj obj_pos=[ 0.3739319 -3.3182147  0.978697 ] fixture_pos=[ 0.19998733 -0.94999927  1.85      ] fsize=[0.5  0.4  0.92] shifted_fpos=[ 0.19998733 -0.89999927  1.85      ] lower=[-0.05001267 -1.09999927  1.24      ] upper=[ 0.44998733 -0.69999927  2.46      ] inside=False
[obj_inside_of] obj=obj obj_pos=[ 0.37372094 -3.31785     0.95180994] fixture_pos=[ 0.19998733 -0.94999927  1.85      ] fsize=[0.5  0.4  0.92] shifted_fpos=[ 0.19998733 -0.89999927  1.85      ] lower=[-0.05001267 -1.09999927  1.24      ] upper=[ 0.44998733 -0.69999927  2.46      ] inside=False
[obj_inside_of] obj=obj obj_pos=[ 0.37373638 -3.3166304   0.9518871 ] fixture_pos=[ 0.19998733 -0.94999927  1.85      ] fsize=[0.5  0.4  0.92] shifted_fpos=[ 0.19998733 -0.89999927  1.85      ] lower=[-0.05001267 -1.09999927  1.24      ] upper=[ 0.44998733 -0.69999927  2.46      ] inside=False
[obj_inside_of] obj=obj obj_pos=[ 0.3740545 -3.316427   0.9519159] fixture_pos=[ 0.19998733 -0.94999927  1.85      ] fsize=[0.5  0.4  0.92] shifted_fpos=[ 0.19998733 -0.89999927  1.85      ] lower=[-0.05001267 -1.09999927  1.24      ] upper=[ 0.44998733 -0.69999927  2.46      ] inside=False
[perceive] 22 objects from ['base_camera', 'wrist_camera']: ['inner_box', 'counter_main_main_group_0', 'hingedoor', 'coffee_machine_main_group_0', 'counter_corner_right_left_group_0', 'dishwasher_left_group_0', 'floor_room_0', 'counter_1_left_group_0', 'counter_corner_main_group_0', 'paper_towel_left_group_0']...
[obj_inside_of] obj=obj obj_pos=[ 0.37367713 -3.317176    0.9518576 ] fixture_pos=[ 0.19998733 -0.94999927  1.85      ] fsize=[0.5  0.4  0.92] shifted_fpos=[ 0.19998733 -0.89999927  1.85      ] lower=[-0.05001267 -1.09999927  1.24      ] upper=[ 0.44998733 -0.69999927  2.46      ] inside=False
[obj_inside_of] obj=obj obj_pos=[ 0.37367713 -3.317176    0.9518576 ] fixture_pos=[ 0.19998733 -0.94999927  1.85      ] fsize=[0.5  0.4  0.92] shifted_fpos=[ 0.19998733 -0.89999927  1.85      ] lower=[-0.05001267 -1.09999927  1.24      ] upper=[ 0.44998733 -0.69999927  2.46      ] inside=False
[obj_inside_of] obj=obj obj_pos=[ 0.37349728 -3.3184      0.9517841 ] fixture_pos=[ 0.19998733 -0.94999927  1.85      ] fsize=[0.5  0.4  0.92] shifted_fpos=[ 0.19998733 -0.89999927  1.85      ] lower=[-0.05001267 -1.09999927  1.24      ] upper=[ 0.44998733 -0.69999927  2.46      ] inside=False
[obj_inside_of] obj=obj obj_pos=[ 0.78653246 -0.30955037  0.9823547 ] fixture_pos=[ 0.5  -0.2   1.85] fsize=[0.5  0.4  0.92] shifted_fpos=[ 0.5  -0.15  1.85] lower=[ 0.25 -0.35  1.24] upper=[0.75 0.05 2.46] inside=False
[obj_inside_of] obj=obj obj_pos=[ 0.78653246 -0.3095504   0.9676401 ] fixture_pos=[ 0.5  -0.2   1.85] fsize=[0.5  0.4  0.92] shifted_fpos=[ 0.5  -0.15  1.85] lower=[ 0.25 -0.35  1.24] upper=[0.75 0.05 2.46] inside=False
[obj_inside_of] obj=obj obj_pos=[ 0.7871386  -0.30857134  0.9479653 ] fixture_pos=[ 0.5  -0.2   1.85] fsize=[0.5  0.4  0.92] shifted_fpos=[ 0.5  -0.15  1.85] lower=[ 0.25 -0.35  1.24] upper=[0.75 0.05 2.46] inside=False
[obj_inside_of] obj=obj obj_pos=[ 0.78653246 -0.30955037  0.9823547 ] fixture_pos=[ 0.5  -0.2   1.85] fsize=[0.5  0.4  0.92] shifted_fpos=[ 0.5  -0.15  1.85] lower=[ 0.25 -0.35  1.24] upper=[0.75 0.05 2.46] inside=False
[obj_inside_of] obj=obj obj_pos=[ 0.78653246 -0.3095504   0.9676401 ] fixture_pos=[ 0.5  -0.2   1.85] fsize=[0.5  0.4  0.92] shifted_fpos=[ 0.5  -0.15  1.85] lower=[ 0.25 -0.35  1.24] upper=[0.75 0.05 2.46] inside=False
[obj_inside_of] obj=obj obj_pos=[ 0.7871386  -0.30857134  0.9479653 ] fixture_pos=[ 0.5  -0.2   1.85] fsize=[0.5  0.4  0.92] shifted_fpos=[ 0.5  -0.15  1.85] lower=[ 0.25 -0.35  1.24] upper=[0.75 0.05 2.46] inside=False
[obj_inside_of] obj=obj obj_pos=[ 0.78924704 -0.3091815   0.94781   ] fixture_pos=[ 0.5  -0.2   1.85] fsize=[0.5  0.4  0.92] shifted_fpos=[ 0.5  -0.15  1.85] lower=[ 0.25 -0.35  1.24] upper=[0.75 0.05 2.46] inside=False
[obj_inside_of] obj=obj obj_pos=[ 0.78920186 -0.30919293  0.94778895] fixture_pos=[ 0.5  -0.2   1.85] fsize=[0.5  0.4  0.92] shifted_fpos=[ 0.5  -0.15  1.85] lower=[ 0.25 -0.35  1.24] upper=[0.75 0.05 2.46] inside=False
[perceive] 16 objects from ['base_camera', 'wrist_camera']: ['floor_room_0', 'stack_2_main_group_2_0', 'dishwasher_main_group_0', 'spout', 'sweet_potato', 'inner_box', 'handle', 'counter_main_main_group_0', 'baguette', 'wall_room_0']...
[obj_inside_of] obj=obj obj_pos=[ 0.78878844 -0.30926198  0.947683  ] fixture_pos=[ 0.5  -0.2   1.85] fsize=[0.5  0.4  0.92] shifted_fpos=[ 0.5  -0.15  1.85] lower=[ 0.25 -0.35  1.24] upper=[0.75 0.05 2.46] inside=False
[obj_inside_of] obj=obj obj_pos=[ 0.78878844 -0.30926198  0.947683  ] fixture_pos=[ 0.5  -0.2   1.85] fsize=[0.5  0.4  0.92] shifted_fpos=[ 0.5  -0.15  1.85] lower=[ 0.25 -0.35  1.24] upper=[0.75 0.05 2.46] inside=False
[obj_inside_of] obj=obj obj_pos=[ 0.7888247  -0.30927154  0.9476808 ] fixture_pos=[ 0.5  -0.2   1.85] fsize=[0.5  0.4  0.92] shifted_fpos=[ 0.5  -0.15  1.85] lower=[ 0.25 -0.35  1.24] upper=[0.75 0.05 2.46] inside=False
[obj_inside_of] obj=obj obj_pos=[ 2.3769925 -0.4432767  1.0007222] fixture_pos=[ 2.25 -0.2   1.85] fsize=[1.   0.4  0.92] shifted_fpos=[ 2.25 -0.15  1.85] lower=[ 2.   -0.35  1.24] upper=[2.5  0.05 2.46] inside=False
[obj_inside_of] obj=obj obj_pos=[ 2.3769925 -0.4432767  0.9860076] fixture_pos=[ 2.25 -0.2   1.85] fsize=[1.   0.4  0.92] shifted_fpos=[ 2.25 -0.15  1.85] lower=[ 2.   -0.35  1.24] upper=[2.5  0.05 2.46] inside=False
[obj_inside_of] obj=obj obj_pos=[ 2.3767145  -0.4435399   0.96431404] fixture_pos=[ 2.25 -0.2   1.85] fsize=[1.   0.4  0.92] shifted_fpos=[ 2.25 -0.15  1.85] lower=[ 2.   -0.35  1.24] upper=[2.5  0.05 2.46] inside=False
[obj_inside_of] obj=obj obj_pos=[ 2.3769925 -0.4432767  1.0007222] fixture_pos=[ 2.25 -0.2   1.85] fsize=[1.   0.4  0.92] shifted_fpos=[ 2.25 -0.15  1.85] lower=[ 2.   -0.35  1.24] upper=[2.5  0.05 2.46] inside=False
[obj_inside_of] obj=obj obj_pos=[ 2.3769925 -0.4432767  0.9860076] fixture_pos=[ 2.25 -0.2   1.85] fsize=[1.   0.4  0.92] shifted_fpos=[ 2.25 -0.15  1.85] lower=[ 2.   -0.35  1.24] upper=[2.5  0.05 2.46] inside=False
[obj_inside_of] obj=obj obj_pos=[ 2.3767145  -0.4435399   0.96431404] fixture_pos=[ 2.25 -0.2   1.85] fsize=[1.   0.4  0.92] shifted_fpos=[ 2.25 -0.15  1.85] lower=[ 2.   -0.35  1.24] upper=[2.5  0.05 2.46] inside=False
[obj_inside_of] obj=obj obj_pos=[ 2.3752623  -0.44381317  0.9643888 ] fixture_pos=[ 2.25 -0.2   1.85] fsize=[1.   0.4  0.92] shifted_fpos=[ 2.25 -0.15  1.85] lower=[ 2.   -0.35  1.24] upper=[2.5  0.05 2.46] inside=False
[obj_inside_of] obj=obj obj_pos=[ 2.3749535  -0.44566405  0.9642829 ] fixture_pos=[ 2.25 -0.2   1.85] fsize=[1.   0.4  0.92] shifted_fpos=[ 2.25 -0.15  1.85] lower=[ 2.   -0.35  1.24] upper=[2.5  0.05 2.46] inside=False
[perceive] 25 objects from ['base_camera', 'wrist_camera']: ['stack_2_main_group_2_0', 'dishwasher_main_group_0', 'inner_box', 'handle', 'spout', 'floor_room_0', 'counter_main_main_group_0', 'avocado', 'hingedoor', 'paper_towel_main_group_0']...
[obj_inside_of] obj=obj obj_pos=[ 2.3737283  -0.44707856  0.9642766 ] fixture_pos=[ 2.25 -0.2   1.85] fsize=[1.   0.4  0.92] shifted_fpos=[ 2.25 -0.15  1.85] lower=[ 2.   -0.35  1.24] upper=[2.5  0.05 2.46] inside=False
[obj_inside_of] obj=obj obj_pos=[ 2.3737283  -0.44707856  0.9642766 ] fixture_pos=[ 2.25 -0.2   1.85] fsize=[1.   0.4  0.92] shifted_fpos=[ 2.25 -0.15  1.85] lower=[ 2.   -0.35  1.24] upper=[2.5  0.05 2.46] inside=False
[obj_inside_of] obj=obj obj_pos=[ 2.371708   -0.44858032  0.96415234] fixture_pos=[ 2.25 -0.2   1.85] fsize=[1.   0.4  0.92] shifted_fpos=[ 2.25 -0.15  1.85] lower=[ 2.   -0.35  1.24] upper=[2.5  0.05 2.46] inside=False
[obj_inside_of] obj=obj obj_pos=[ 4.0465484  -2.3143303   0.97843933] fixture_pos=[ 4.19999816 -1.19999927  1.85      ] fsize=[1.   0.4  0.92] shifted_fpos=[ 4.19999816 -1.14999927  1.85      ] lower=[ 3.94999816 -1.34999927  1.24      ] upper=[ 4.44999816 -0.94999927  2.46      ] inside=False
[obj_inside_of] obj=obj obj_pos=[ 4.0465484  -2.3143303   0.96372473] fixture_pos=[ 4.19999816 -1.19999927  1.85      ] fsize=[1.   0.4  0.92] shifted_fpos=[ 4.19999816 -1.14999927  1.85      ] lower=[ 3.94999816 -1.34999927  1.24      ] upper=[ 4.44999816 -0.94999927  2.46      ] inside=False
[obj_inside_of] obj=obj obj_pos=[ 4.047254  -2.3139083  0.9303714] fixture_pos=[ 4.19999816 -1.19999927  1.85      ] fsize=[1.   0.4  0.92] shifted_fpos=[ 4.19999816 -1.14999927  1.85      ] lower=[ 3.94999816 -1.34999927  1.24      ] upper=[ 4.44999816 -0.94999927  2.46      ] inside=False
[obj_inside_of] obj=obj obj_pos=[ 4.0465484  -2.3143303   0.97843933] fixture_pos=[ 4.19999816 -1.19999927  1.85      ] fsize=[1.   0.4  0.92] shifted_fpos=[ 4.19999816 -1.14999927  1.85      ] lower=[ 3.94999816 -1.34999927  1.24      ] upper=[ 4.44999816 -0.94999927  2.46      ] inside=False
[obj_inside_of] obj=obj obj_pos=[ 4.0465484  -2.3143303   0.96372473] fixture_pos=[ 4.19999816 -1.19999927  1.85      ] fsize=[1.   0.4  0.92] shifted_fpos=[ 4.19999816 -1.14999927  1.85      ] lower=[ 3.94999816 -1.34999927  1.24      ] upper=[ 4.44999816 -0.94999927  2.46      ] inside=False
[obj_inside_of] obj=obj obj_pos=[ 4.047254  -2.3139083  0.9303714] fixture_pos=[ 4.19999816 -1.19999927  1.85      ] fsize=[1.   0.4  0.92] shifted_fpos=[ 4.19999816 -1.14999927  1.85      ] lower=[ 3.94999816 -1.34999927  1.24      ] upper=[ 4.44999816 -0.94999927  2.46      ] inside=False
[obj_inside_of] obj=obj obj_pos=[ 4.046455  -2.312718   0.9303649] fixture_pos=[ 4.19999816 -1.19999927  1.85      ] fsize=[1.   0.4  0.92] shifted_fpos=[ 4.19999816 -1.14999927  1.85      ] lower=[ 3.94999816 -1.34999927  1.24      ] upper=[ 4.44999816 -0.94999927  2.46      ] inside=False
[obj_inside_of] obj=obj obj_pos=[ 4.0458193 -2.3118095  0.9304002] fixture_pos=[ 4.19999816 -1.19999927  1.85      ] fsize=[1.   0.4  0.92] shifted_fpos=[ 4.19999816 -1.14999927  1.85      ] lower=[ 3.94999816 -1.34999927  1.24      ] upper=[ 4.44999816 -0.94999927  2.46      ] inside=False
[perceive] 25 objects from ['base_camera', 'wrist_camera']: ['floor_room_0', 'inner_box', 'counter_main_main_group_0', 'hingeleftdoor', 'stack_1_right_group_2_0', 'counter_1_right_group_0', 'dishwasher_right_group_0', 'hingedoor', 'counter_corner_2_right_group_0', 'counter_corner_2_main_group_0']...
[obj_inside_of] obj=obj obj_pos=[ 4.0456486 -2.3115573  0.9304278] fixture_pos=[ 4.19999816 -1.19999927  1.85      ] fsize=[1.   0.4  0.92] shifted_fpos=[ 4.19999816 -1.14999927  1.85      ] lower=[ 3.94999816 -1.34999927  1.24      ] upper=[ 4.44999816 -0.94999927  2.46      ] inside=False
[obj_inside_of] obj=obj obj_pos=[ 4.0456486 -2.3115573  0.9304278] fixture_pos=[ 4.19999816 -1.19999927  1.85      ] fsize=[1.   0.4  0.92] shifted_fpos=[ 4.19999816 -1.14999927  1.85      ] lower=[ 3.94999816 -1.34999927  1.24      ] upper=[ 4.44999816 -0.94999927  2.46      ] inside=False
[obj_inside_of] obj=obj obj_pos=[ 4.045797   -2.311777    0.93040353] fixture_pos=[ 4.19999816 -1.19999927  1.85      ] fsize=[1.   0.4  0.92] shifted_fpos=[ 4.19999816 -1.14999927  1.85      ] lower=[ 3.94999816 -1.34999927  1.24      ] upper=[ 4.44999816 -0.94999927  2.46      ] inside=False
[obj_inside_of] obj=obj obj_pos=[ 0.39776433 -1.1030035   0.9931382 ] fixture_pos=[ 0.19999008 -1.69999927  1.85      ] fsize=[1.   0.4  0.92] shifted_fpos=[ 0.19999008 -1.64999927  1.85      ] lower=[-0.05000992 -1.84999927  1.24      ] upper=[ 0.44999008 -1.44999927  2.46      ] inside=False
[obj_inside_of] obj=obj obj_pos=[ 0.39776433 -1.1030035   0.9784236 ] fixture_pos=[ 0.19999008 -1.69999927  1.85      ] fsize=[1.   0.4  0.92] shifted_fpos=[ 0.19999008 -1.64999927  1.85      ] lower=[-0.05000992 -1.84999927  1.24      ] upper=[ 0.44999008 -1.44999927  2.46      ] inside=False
[obj_inside_of] obj=obj obj_pos=[ 0.39754644 -1.1036338   0.9506441 ] fixture_pos=[ 0.19999008 -1.69999927  1.85      ] fsize=[1.   0.4  0.92] shifted_fpos=[ 0.19999008 -1.64999927  1.85      ] lower=[-0.05000992 -1.84999927  1.24      ] upper=[ 0.44999008 -1.44999927  2.46      ] inside=False
[obj_inside_of] obj=obj obj_pos=[ 0.39776433 -1.1030035   0.9931382 ] fixture_pos=[ 0.19999008 -1.69999927  1.85      ] fsize=[1.   0.4  0.92] shifted_fpos=[ 0.19999008 -1.64999927  1.85      ] lower=[-0.05000992 -1.84999927  1.24      ] upper=[ 0.44999008 -1.44999927  2.46      ] inside=False
[obj_inside_of] obj=obj obj_pos=[ 0.39776433 -1.1030035   0.9784236 ] fixture_pos=[ 0.19999008 -1.69999927  1.85      ] fsize=[1.   0.4  0.92] shifted_fpos=[ 0.19999008 -1.64999927  1.85      ] lower=[-0.05000992 -1.84999927  1.24      ] upper=[ 0.44999008 -1.44999927  2.46      ] inside=False
[obj_inside_of] obj=obj obj_pos=[ 0.39754644 -1.1036338   0.9506441 ] fixture_pos=[ 0.19999008 -1.69999927  1.85      ] fsize=[1.   0.4  0.92] shifted_fpos=[ 0.19999008 -1.64999927  1.85      ] lower=[-0.05000992 -1.84999927  1.24      ] upper=[ 0.44999008 -1.44999927  2.46      ] inside=False
[obj_inside_of] obj=obj obj_pos=[ 0.39334178 -1.1110196   0.94798225] fixture_pos=[ 0.19999008 -1.69999927  1.85      ] fsize=[1.   0.4  0.92] shifted_fpos=[ 0.19999008 -1.64999927  1.85      ] lower=[-0.05000992 -1.84999927  1.24      ] upper=[ 0.44999008 -1.44999927  2.46      ] inside=False
[obj_inside_of] obj=obj obj_pos=[ 0.3880868 -1.1181068  0.9480811] fixture_pos=[ 0.19999008 -1.69999927  1.85      ] fsize=[1.   0.4  0.92] shifted_fpos=[ 0.19999008 -1.64999927  1.85      ] lower=[-0.05000992 -1.84999927  1.24      ] upper=[ 0.44999008 -1.44999927  2.46      ] inside=False
[perceive] 21 objects from ['base_camera', 'wrist_camera']: ['inner_box', 'hingedoor', 'counter_corner_main_group_0', 'dishwasher_left_group_0', 'mango', 'counter_corner_right_left_group_0', 'floor_room_0', 'counter_1_left_group_0', 'hingerightdoor', 'paper_towel_left_group_0']...
[obj_inside_of] obj=obj obj_pos=[ 0.38241124 -1.1200455   0.94897306] fixture_pos=[ 0.19999008 -1.69999927  1.85      ] fsize=[1.   0.4  0.92] shifted_fpos=[ 0.19999008 -1.64999927  1.85      ] lower=[-0.05000992 -1.84999927  1.24      ] upper=[ 0.44999008 -1.44999927  2.46      ] inside=False
[obj_inside_of] obj=obj obj_pos=[ 0.38241124 -1.1200455   0.94897306] fixture_pos=[ 0.19999008 -1.69999927  1.85      ] fsize=[1.   0.4  0.92] shifted_fpos=[ 0.19999008 -1.64999927  1.85      ] lower=[-0.05000992 -1.84999927  1.24      ] upper=[ 0.44999008 -1.44999927  2.46      ] inside=False
[obj_inside_of] obj=obj obj_pos=[ 0.37737957 -1.1165329   0.94820505] fixture_pos=[ 0.19999008 -1.69999927  1.85      ] fsize=[1.   0.4  0.92] shifted_fpos=[ 0.19999008 -1.64999927  1.85      ] lower=[-0.05000992 -1.84999927  1.24      ] upper=[ 0.44999008 -1.44999927  2.46      ] inside=False
[obj_inside_of] obj=obj obj_pos=[ 0.29934114 -1.1438432   1.004001  ] fixture_pos=[ 0.19998825 -0.94999927  1.85      ] fsize=[0.5  0.4  0.92] shifted_fpos=[ 0.19998825 -0.89999927  1.85      ] lower=[-0.05001175 -1.09999927  1.24      ] upper=[ 0.44998825 -0.69999927  2.46      ] inside=False
[obj_inside_of] obj=obj obj_pos=[ 0.29934114 -1.1438432   0.98928636] fixture_pos=[ 0.19998825 -0.94999927  1.85      ] fsize=[0.5  0.4  0.92] shifted_fpos=[ 0.19998825 -0.89999927  1.85      ] lower=[-0.05001175 -1.09999927  1.24      ] upper=[ 0.44998825 -0.69999927  2.46      ] inside=False
[obj_inside_of] obj=obj obj_pos=[ 0.29974845 -1.1437067   0.95547074] fixture_pos=[ 0.19998825 -0.94999927  1.85      ] fsize=[0.5  0.4  0.92] shifted_fpos=[ 0.19998825 -0.89999927  1.85      ] lower=[-0.05001175 -1.09999927  1.24      ] upper=[ 0.44998825 -0.69999927  2.46      ] inside=False
[obj_inside_of] obj=obj obj_pos=[ 0.29934114 -1.1438432   1.004001  ] fixture_pos=[ 0.19998825 -0.94999927  1.85      ] fsize=[0.5  0.4  0.92] shifted_fpos=[ 0.19998825 -0.89999927  1.85      ] lower=[-0.05001175 -1.09999927  1.24      ] upper=[ 0.44998825 -0.69999927  2.46      ] inside=False
[obj_inside_of] obj=obj obj_pos=[ 0.29934114 -1.1438432   0.98928636] fixture_pos=[ 0.19998825 -0.94999927  1.85      ] fsize=[0.5  0.4  0.92] shifted_fpos=[ 0.19998825 -0.89999927  1.85      ] lower=[-0.05001175 -1.09999927  1.24      ] upper=[ 0.44998825 -0.69999927  2.46      ] inside=False
[obj_inside_of] obj=obj obj_pos=[ 0.29974845 -1.1437067   0.95547074] fixture_pos=[ 0.19998825 -0.94999927  1.85      ] fsize=[0.5  0.4  0.92] shifted_fpos=[ 0.19998825 -0.89999927  1.85      ] lower=[-0.05001175 -1.09999927  1.24      ] upper=[ 0.44998825 -0.69999927  2.46      ] inside=False
[obj_inside_of] obj=obj obj_pos=[ 0.29781535 -1.1445726   0.955382  ] fixture_pos=[ 0.19998825 -0.94999927  1.85      ] fsize=[0.5  0.4  0.92] shifted_fpos=[ 0.19998825 -0.89999927  1.85      ] lower=[-0.05001175 -1.09999927  1.24      ] upper=[ 0.44998825 -0.69999927  2.46      ] inside=False
[obj_inside_of] obj=obj obj_pos=[ 0.2947275 -1.1455095  0.9551128] fixture_pos=[ 0.19998825 -0.94999927  1.85      ] fsize=[0.5  0.4  0.92] shifted_fpos=[ 0.19998825 -0.89999927  1.85      ] lower=[-0.05001175 -1.09999927  1.24      ] upper=[ 0.44998825 -0.69999927  2.46      ] inside=False
[perceive] 22 objects from ['base_camera', 'wrist_camera']: ['counter_main_main_group_0', 'hingerightdoor', 'counter_corner_left_group_0', 'inner_box', 'floor_room_0', 'hingeleftdoor', 'counter_1_left_left_group_0', 'counter_corner_main_main_group_0', 'mushroom', 'stack_2_left_group_2_0']...
[obj_inside_of] obj=obj obj_pos=[ 0.28927964 -1.1467553   0.9542417 ] fixture_pos=[ 0.19998825 -0.94999927  1.85      ] fsize=[0.5  0.4  0.92] shifted_fpos=[ 0.19998825 -0.89999927  1.85      ] lower=[-0.05001175 -1.09999927  1.24      ] upper=[ 0.44998825 -0.69999927  2.46      ] inside=False
[obj_inside_of] obj=obj obj_pos=[ 0.28927964 -1.1467553   0.9542417 ] fixture_pos=[ 0.19998825 -0.94999927  1.85      ] fsize=[0.5  0.4  0.92] shifted_fpos=[ 0.19998825 -0.89999927  1.85      ] lower=[-0.05001175 -1.09999927  1.24      ] upper=[ 0.44998825 -0.69999927  2.46      ] inside=False
[obj_inside_of] obj=obj obj_pos=[ 0.28013027 -1.1484905   0.95109713] fixture_pos=[ 0.19998825 -0.94999927  1.85      ] fsize=[0.5  0.4  0.92] shifted_fpos=[ 0.19998825 -0.89999927  1.85      ] lower=[-0.05001175 -1.09999927  1.24      ] upper=[ 0.44998825 -0.69999927  2.46      ] inside=False
[obj_inside_of] obj=obj obj_pos=[ 6.027745  -1.6040738  1.0400356] fixture_pos=[ 6.19999816 -1.19999927  1.85      ] fsize=[1.   0.4  0.92] shifted_fpos=[ 6.19999816 -1.14999927  1.85      ] lower=[ 5.94999816 -1.34999927  1.24      ] upper=[ 6.44999816 -0.94999927  2.46      ] inside=False
[obj_inside_of] obj=obj obj_pos=[ 6.027745  -1.6040738  1.0253204] fixture_pos=[ 6.19999816 -1.19999927  1.85      ] fsize=[1.   0.4  0.92] shifted_fpos=[ 6.19999816 -1.14999927  1.85      ] lower=[ 5.94999816 -1.34999927  1.24      ] upper=[ 6.44999816 -0.94999927  2.46      ] inside=False
[obj_inside_of] obj=obj obj_pos=[ 6.0277395 -1.604014   0.9861671] fixture_pos=[ 6.19999816 -1.19999927  1.85      ] fsize=[1.   0.4  0.92] shifted_fpos=[ 6.19999816 -1.14999927  1.85      ] lower=[ 5.94999816 -1.34999927  1.24      ] upper=[ 6.44999816 -0.94999927  2.46      ] inside=False
[obj_inside_of] obj=obj obj_pos=[ 6.027745  -1.6040738  1.0400356] fixture_pos=[ 6.19999816 -1.19999927  1.85      ] fsize=[1.   0.4  0.92] shifted_fpos=[ 6.19999816 -1.14999927  1.85      ] lower=[ 5.94999816 -1.34999927  1.24      ] upper=[ 6.44999816 -0.94999927  2.46      ] inside=False
[obj_inside_of] obj=obj obj_pos=[ 6.027745  -1.6040738  1.0253204] fixture_pos=[ 6.19999816 -1.19999927  1.85      ] fsize=[1.   0.4  0.92] shifted_fpos=[ 6.19999816 -1.14999927  1.85      ] lower=[ 5.94999816 -1.34999927  1.24      ] upper=[ 6.44999816 -0.94999927  2.46      ] inside=False
[obj_inside_of] obj=obj obj_pos=[ 6.0277395 -1.604014   0.9861671] fixture_pos=[ 6.19999816 -1.19999927  1.85      ] fsize=[1.   0.4  0.92] shifted_fpos=[ 6.19999816 -1.14999927  1.85      ] lower=[ 5.94999816 -1.34999927  1.24      ] upper=[ 6.44999816 -0.94999927  2.46      ] inside=False
[obj_inside_of] obj=obj obj_pos=[ 6.027915   -1.6038238   0.98605096] fixture_pos=[ 6.19999816 -1.19999927  1.85      ] fsize=[1.   0.4  0.92] shifted_fpos=[ 6.19999816 -1.14999927  1.85      ] lower=[ 5.94999816 -1.34999927  1.24      ] upper=[ 6.44999816 -0.94999927  2.46      ] inside=False
[obj_inside_of] obj=obj obj_pos=[ 6.027853  -1.603879   0.9860571] fixture_pos=[ 6.19999816 -1.19999927  1.85      ] fsize=[1.   0.4  0.92] shifted_fpos=[ 6.19999816 -1.14999927  1.85      ] lower=[ 5.94999816 -1.34999927  1.24      ] upper=[ 6.44999816 -0.94999927  2.46      ] inside=False
[perceive] 22 objects from ['base_camera', 'wrist_camera']: ['floor_room_0', 'hingedoor', 'counter_main_main_group_0', 'inner_box', 'hingeleftdoor', 'fridge_right_group_0', 'counter_1_right_group_0', 'hingerightdoor', 'counter_corner_right_group_0', 'cab_corner_3_main_group_0']...
[obj_inside_of] obj=obj obj_pos=[ 6.0278397 -1.6038897  0.9860587] fixture_pos=[ 6.19999816 -1.19999927  1.85      ] fsize=[1.   0.4  0.92] shifted_fpos=[ 6.19999816 -1.14999927  1.85      ] lower=[ 5.94999816 -1.34999927  1.24      ] upper=[ 6.44999816 -0.94999927  2.46      ] inside=False
[obj_inside_of] obj=obj obj_pos=[ 6.0278397 -1.6038897  0.9860587] fixture_pos=[ 6.19999816 -1.19999927  1.85      ] fsize=[1.   0.4  0.92] shifted_fpos=[ 6.19999816 -1.14999927  1.85      ] lower=[ 5.94999816 -1.34999927  1.24      ] upper=[ 6.44999816 -0.94999927  2.46      ] inside=False
[obj_inside_of] obj=obj obj_pos=[ 6.0278444  -1.603886    0.98605794] fixture_pos=[ 6.19999816 -1.19999927  1.85      ] fsize=[1.   0.4  0.92] shifted_fpos=[ 6.19999816 -1.14999927  1.85      ] lower=[ 5.94999816 -1.34999927  1.24      ] upper=[ 6.44999816 -0.94999927  2.46      ] inside=False
[obj_inside_of] obj=obj obj_pos=[ 4.0376616  -0.35088164  1.0097278 ] fixture_pos=[ 4.55 -0.2   1.85] fsize=[1.   0.4  0.92] shifted_fpos=[ 4.55 -0.15  1.85] lower=[ 4.3  -0.35  1.24] upper=[4.8  0.05 2.46] inside=False
[obj_inside_of] obj=obj obj_pos=[ 4.0376616  -0.35088164  0.99501324] fixture_pos=[ 4.55 -0.2   1.85] fsize=[1.   0.4  0.92] shifted_fpos=[ 4.55 -0.15  1.85] lower=[ 4.3  -0.35  1.24] upper=[4.8  0.05 2.46] inside=False
[obj_inside_of] obj=obj obj_pos=[ 4.0384808  -0.34965736  0.96409845] fixture_pos=[ 4.55 -0.2   1.85] fsize=[1.   0.4  0.92] shifted_fpos=[ 4.55 -0.15  1.85] lower=[ 4.3  -0.35  1.24] upper=[4.8  0.05 2.46] inside=False
[obj_inside_of] obj=obj obj_pos=[ 4.0376616  -0.35088164  1.0097278 ] fixture_pos=[ 4.55 -0.2   1.85] fsize=[1.   0.4  0.92] shifted_fpos=[ 4.55 -0.15  1.85] lower=[ 4.3  -0.35  1.24] upper=[4.8  0.05 2.46] inside=False
[obj_inside_of] obj=obj obj_pos=[ 4.0376616  -0.35088164  0.99501324] fixture_pos=[ 4.55 -0.2   1.85] fsize=[1.   0.4  0.92] shifted_fpos=[ 4.55 -0.15  1.85] lower=[ 4.3  -0.35  1.24] upper=[4.8  0.05 2.46] inside=False
[obj_inside_of] obj=obj obj_pos=[ 4.0384808  -0.34965736  0.96409845] fixture_pos=[ 4.55 -0.2   1.85] fsize=[1.   0.4  0.92] shifted_fpos=[ 4.55 -0.15  1.85] lower=[ 4.3  -0.35  1.24] upper=[4.8  0.05 2.46] inside=False
[obj_inside_of] obj=obj obj_pos=[ 4.039361   -0.3479805   0.96408653] fixture_pos=[ 4.55 -0.2   1.85] fsize=[1.   0.4  0.92] shifted_fpos=[ 4.55 -0.15  1.85] lower=[ 4.3  -0.35  1.24] upper=[4.8  0.05 2.46] inside=False
[obj_inside_of] obj=obj obj_pos=[ 4.0392604  -0.3483389   0.96407926] fixture_pos=[ 4.55 -0.2   1.85] fsize=[1.   0.4  0.92] shifted_fpos=[ 4.55 -0.15  1.85] lower=[ 4.3  -0.35  1.24] upper=[4.8  0.05 2.46] inside=False
[perceive] 20 objects from ['base_camera', 'wrist_camera']: ['utensil_rack_room_0', 'counter_1_main_group_0', 'hood_main_group_0', 'toaster_main_group_0', 'light_switch_room_0', 'paper_towel_main_group_0', 'light_switch_2_room_0', 'shelves_main_group_0', 'floor_room_0', 'outlet_room_0']...
[obj_inside_of] obj=obj obj_pos=[ 4.0384283  -0.3501757   0.96412915] fixture_pos=[ 4.55 -0.2   1.85] fsize=[1.   0.4  0.92] shifted_fpos=[ 4.55 -0.15  1.85] lower=[ 4.3  -0.35  1.24] upper=[4.8  0.05 2.46] inside=False
[obj_inside_of] obj=obj obj_pos=[ 4.0384283  -0.3501757   0.96412915] fixture_pos=[ 4.55 -0.2   1.85] fsize=[1.   0.4  0.92] shifted_fpos=[ 4.55 -0.15  1.85] lower=[ 4.3  -0.35  1.24] upper=[4.8  0.05 2.46] inside=False
[obj_inside_of] obj=obj obj_pos=[ 4.0385237 -0.3498014  0.9640793] fixture_pos=[ 4.55 -0.2   1.85] fsize=[1.   0.4  0.92] shifted_fpos=[ 4.55 -0.15  1.85] lower=[ 4.3  -0.35  1.24] upper=[4.8  0.05 2.46] inside=False
[obj_inside_of] obj=obj obj_pos=[ 2.7890556 -3.668407   1.0221446] fixture_pos=[ 2.99998807 -3.24760987  1.85      ] fsize=[1.   0.4  0.92] shifted_fpos=[ 2.99998807 -3.19760987  1.85      ] lower=[ 2.74998807 -3.39760987  1.24      ] upper=[ 3.24998807 -2.99760987  2.46      ] inside=False
[obj_inside_of] obj=obj obj_pos=[ 2.7890556 -3.668407   1.0074297] fixture_pos=[ 2.99998807 -3.24760987  1.85      ] fsize=[1.   0.4  0.92] shifted_fpos=[ 2.99998807 -3.19760987  1.85      ] lower=[ 2.74998807 -3.39760987  1.24      ] upper=[ 3.24998807 -2.99760987  2.46      ] inside=False
[obj_inside_of] obj=obj obj_pos=[ 2.7949774 -3.664892   0.9801277] fixture_pos=[ 2.99998807 -3.24760987  1.85      ] fsize=[1.   0.4  0.92] shifted_fpos=[ 2.99998807 -3.19760987  1.85      ] lower=[ 2.74998807 -3.39760987  1.24      ] upper=[ 3.24998807 -2.99760987  2.46      ] inside=False
[obj_inside_of] obj=obj obj_pos=[ 2.7890556 -3.668407   1.0221446] fixture_pos=[ 2.99998807 -3.24760987  1.85      ] fsize=[1.   0.4  0.92] shifted_fpos=[ 2.99998807 -3.19760987  1.85      ] lower=[ 2.74998807 -3.39760987  1.24      ] upper=[ 3.24998807 -2.99760987  2.46      ] inside=False
[obj_inside_of] obj=obj obj_pos=[ 2.7890556 -3.668407   1.0074297] fixture_pos=[ 2.99998807 -3.24760987  1.85      ] fsize=[1.   0.4  0.92] shifted_fpos=[ 2.99998807 -3.19760987  1.85      ] lower=[ 2.74998807 -3.39760987  1.24      ] upper=[ 3.24998807 -2.99760987  2.46      ] inside=False
[obj_inside_of] obj=obj obj_pos=[ 2.7949774 -3.664892   0.9801277] fixture_pos=[ 2.99998807 -3.24760987  1.85      ] fsize=[1.   0.4  0.92] shifted_fpos=[ 2.99998807 -3.19760987  1.85      ] lower=[ 2.74998807 -3.39760987  1.24      ] upper=[ 3.24998807 -2.99760987  2.46      ] inside=False
[obj_inside_of] obj=obj obj_pos=[ 2.8190622  -3.6520236   0.97251534] fixture_pos=[ 2.99998807 -3.24760987  1.85      ] fsize=[1.   0.4  0.92] shifted_fpos=[ 2.99998807 -3.19760987  1.85      ] lower=[ 2.74998807 -3.39760987  1.24      ] upper=[ 3.24998807 -2.99760987  2.46      ] inside=False
[obj_inside_of] obj=obj obj_pos=[ 2.8368106 -3.6490562  0.9762508] fixture_pos=[ 2.99998807 -3.24760987  1.85      ] fsize=[1.   0.4  0.92] shifted_fpos=[ 2.99998807 -3.19760987  1.85      ] lower=[ 2.74998807 -3.39760987  1.24      ] upper=[ 3.24998807 -2.99760987  2.46      ] inside=False
[perceive] 22 objects from ['base_camera', 'wrist_camera']: ['knob_front_left', 'knob_rear_left', 'counter_main_main_group_0', 'knob_center', 'coffee_machine_main_group_0', 'knob_rear_right', 'outlet_3_room_0', 'knob_front_right', 'door', 'hingeleftdoor']...
[obj_inside_of] obj=obj obj_pos=[ 2.8451352 -3.6558628  0.975103 ] fixture_pos=[ 2.99998807 -3.24760987  1.85      ] fsize=[1.   0.4  0.92] shifted_fpos=[ 2.99998807 -3.19760987  1.85      ] lower=[ 2.74998807 -3.39760987  1.24      ] upper=[ 3.24998807 -2.99760987  2.46      ] inside=False
[obj_inside_of] obj=obj obj_pos=[ 2.8451352 -3.6558628  0.975103 ] fixture_pos=[ 2.99998807 -3.24760987  1.85      ] fsize=[1.   0.4  0.92] shifted_fpos=[ 2.99998807 -3.19760987  1.85      ] lower=[ 2.74998807 -3.39760987  1.24      ] upper=[ 3.24998807 -2.99760987  2.46      ] inside=False
[obj_inside_of] obj=obj obj_pos=[ 2.8436627 -3.667176   0.9682439] fixture_pos=[ 2.99998807 -3.24760987  1.85      ] fsize=[1.   0.4  0.92] shifted_fpos=[ 2.99998807 -3.19760987  1.85      ] lower=[ 2.74998807 -3.39760987  1.24      ] upper=[ 3.24998807 -2.99760987  2.46      ] inside=False
[obj_inside_of] obj=obj obj_pos=[ 5.463241  -1.2127668  1.0035287] fixture_pos=[ 5.69998806 -1.69999927  1.85      ] fsize=[1.   0.4  0.92] shifted_fpos=[ 5.69998806 -1.64999927  1.85      ] lower=[ 5.44998806 -1.84999927  1.24      ] upper=[ 5.94998806 -1.44999927  2.46      ] inside=False
[obj_inside_of] obj=obj obj_pos=[ 5.4603195 -1.213429   0.9885345] fixture_pos=[ 5.69998806 -1.69999927  1.85      ] fsize=[1.   0.4  0.92] shifted_fpos=[ 5.69998806 -1.64999927  1.85      ] lower=[ 5.44998806 -1.84999927  1.24      ] upper=[ 5.94998806 -1.44999927  2.46      ] inside=False
[obj_inside_of] obj=obj obj_pos=[ 5.4603424 -1.2133847  0.956711 ] fixture_pos=[ 5.69998806 -1.69999927  1.85      ] fsize=[1.   0.4  0.92] shifted_fpos=[ 5.69998806 -1.64999927  1.85      ] lower=[ 5.44998806 -1.84999927  1.24      ] upper=[ 5.94998806 -1.44999927  2.46      ] inside=False
[obj_inside_of] obj=obj obj_pos=[ 5.463241  -1.2127668  1.0035287] fixture_pos=[ 5.69998806 -1.69999927  1.85      ] fsize=[1.   0.4  0.92] shifted_fpos=[ 5.69998806 -1.64999927  1.85      ] lower=[ 5.44998806 -1.84999927  1.24      ] upper=[ 5.94998806 -1.44999927  2.46      ] inside=False
[obj_inside_of] obj=obj obj_pos=[ 5.4603195 -1.213429   0.9885345] fixture_pos=[ 5.69998806 -1.69999927  1.85      ] fsize=[1.   0.4  0.92] shifted_fpos=[ 5.69998806 -1.64999927  1.85      ] lower=[ 5.44998806 -1.84999927  1.24      ] upper=[ 5.94998806 -1.44999927  2.46      ] inside=False
[obj_inside_of] obj=obj obj_pos=[ 5.4603424 -1.2133847  0.956711 ] fixture_pos=[ 5.69998806 -1.69999927  1.85      ] fsize=[1.   0.4  0.92] shifted_fpos=[ 5.69998806 -1.64999927  1.85      ] lower=[ 5.44998806 -1.84999927  1.24      ] upper=[ 5.94998806 -1.44999927  2.46      ] inside=False
[obj_inside_of] obj=obj obj_pos=[ 5.4604764  -1.2133427   0.95660937] fixture_pos=[ 5.69998806 -1.69999927  1.85      ] fsize=[1.   0.4  0.92] shifted_fpos=[ 5.69998806 -1.64999927  1.85      ] lower=[ 5.44998806 -1.84999927  1.24      ] upper=[ 5.94998806 -1.44999927  2.46      ] inside=False
[obj_inside_of] obj=obj obj_pos=[ 5.4605336  -1.2133269   0.95656776] fixture_pos=[ 5.69998806 -1.69999927  1.85      ] fsize=[1.   0.4  0.92] shifted_fpos=[ 5.69998806 -1.64999927  1.85      ] lower=[ 5.44998806 -1.84999927  1.24      ] upper=[ 5.94998806 -1.44999927  2.46      ] inside=False
[perceive] 24 objects from ['base_camera', 'wrist_camera']: ['floor_room_0', 'inner_box', 'stack_4_main_group_base_0', 'counter_1_main_group_0', 'dishwasher_right_group_0', 'island_island_group_0', 'stack_1_right_group_2_0', 'hingeleftdoor', 'bowl', 'counter_1_right_group_0']...
[obj_inside_of] obj=obj obj_pos=[ 5.460534  -1.2133273  0.9565682] fixture_pos=[ 5.69998806 -1.69999927  1.85      ] fsize=[1.   0.4  0.92] shifted_fpos=[ 5.69998806 -1.64999927  1.85      ] lower=[ 5.44998806 -1.84999927  1.24      ] upper=[ 5.94998806 -1.44999927  2.46      ] inside=False
[obj_inside_of] obj=obj obj_pos=[ 5.460534  -1.2133273  0.9565682] fixture_pos=[ 5.69998806 -1.69999927  1.85      ] fsize=[1.   0.4  0.92] shifted_fpos=[ 5.69998806 -1.64999927  1.85      ] lower=[ 5.44998806 -1.84999927  1.24      ] upper=[ 5.94998806 -1.44999927  2.46      ] inside=False
[obj_inside_of] obj=obj obj_pos=[ 5.4605336 -1.213327   0.9565681] fixture_pos=[ 5.69998806 -1.69999927  1.85      ] fsize=[1.   0.4  0.92] shifted_fpos=[ 5.69998806 -1.64999927  1.85      ] lower=[ 5.44998806 -1.84999927  1.24      ] upper=[ 5.94998806 -1.44999927  2.46      ] inside=False
[obj_inside_of] obj=obj obj_pos=[ 0.48956245 -0.4306768   0.98335123] fixture_pos=[ 0.5  -0.2   1.85] fsize=[0.5  0.4  0.92] shifted_fpos=[ 0.5  -0.15  1.85] lower=[ 0.25 -0.35  1.24] upper=[0.75 0.05 2.46] inside=False
[obj_inside_of] obj=obj obj_pos=[ 0.48956245 -0.4306768   0.96863663] fixture_pos=[ 0.5  -0.2   1.85] fsize=[0.5  0.4  0.92] shifted_fpos=[ 0.5  -0.15  1.85] lower=[ 0.25 -0.35  1.24] upper=[0.75 0.05 2.46] inside=False
[obj_inside_of] obj=obj obj_pos=[ 0.4895759  -0.4306599   0.94307363] fixture_pos=[ 0.5  -0.2   1.85] fsize=[0.5  0.4  0.92] shifted_fpos=[ 0.5  -0.15  1.85] lower=[ 0.25 -0.35  1.24] upper=[0.75 0.05 2.46] inside=False
[obj_inside_of] obj=obj obj_pos=[ 0.48956245 -0.4306768   0.98335123] fixture_pos=[ 0.5  -0.2   1.85] fsize=[0.5  0.4  0.92] shifted_fpos=[ 0.5  -0.15  1.85] lower=[ 0.25 -0.35  1.24] upper=[0.75 0.05 2.46] inside=False
[obj_inside_of] obj=obj obj_pos=[ 0.48956245 -0.4306768   0.96863663] fixture_pos=[ 0.5  -0.2   1.85] fsize=[0.5  0.4  0.92] shifted_fpos=[ 0.5  -0.15  1.85] lower=[ 0.25 -0.35  1.24] upper=[0.75 0.05 2.46] inside=False
[obj_inside_of] obj=obj obj_pos=[ 0.4895759  -0.4306599   0.94307363] fixture_pos=[ 0.5  -0.2   1.85] fsize=[0.5  0.4  0.92] shifted_fpos=[ 0.5  -0.15  1.85] lower=[ 0.25 -0.35  1.24] upper=[0.75 0.05 2.46] inside=False
[obj_inside_of] obj=obj obj_pos=[ 0.4895825  -0.43065745  0.9430737 ] fixture_pos=[ 0.5  -0.2   1.85] fsize=[0.5  0.4  0.92] shifted_fpos=[ 0.5  -0.15  1.85] lower=[ 0.25 -0.35  1.24] upper=[0.75 0.05 2.46] inside=False
[obj_inside_of] obj=obj obj_pos=[ 0.48958245 -0.43065742  0.9430737 ] fixture_pos=[ 0.5  -0.2   1.85] fsize=[0.5  0.4  0.92] shifted_fpos=[ 0.5  -0.15  1.85] lower=[ 0.25 -0.35  1.24] upper=[0.75 0.05 2.46] inside=False
[perceive] 15 objects from ['base_camera', 'wrist_camera']: ['floor_room_0', 'stack_2_main_group_2_0', 'dishwasher_main_group_0', 'inner_box', 'spout', 'counter_main_main_group_0', 'cheese', 'bell_pepper', 'wall_room_0', 'outlet_2_room_0']...
[obj_inside_of] obj=obj obj_pos=[ 0.48958254 -0.43065748  0.9430737 ] fixture_pos=[ 0.5  -0.2   1.85] fsize=[0.5  0.4  0.92] shifted_fpos=[ 0.5  -0.15  1.85] lower=[ 0.25 -0.35  1.24] upper=[0.75 0.05 2.46] inside=False
[obj_inside_of] obj=obj obj_pos=[ 0.48958254 -0.43065748  0.9430737 ] fixture_pos=[ 0.5  -0.2   1.85] fsize=[0.5  0.4  0.92] shifted_fpos=[ 0.5  -0.15  1.85] lower=[ 0.25 -0.35  1.24] upper=[0.75 0.05 2.46] inside=False
[obj_inside_of] obj=obj obj_pos=[ 0.4895825  -0.43065745  0.94307375] fixture_pos=[ 0.5  -0.2   1.85] fsize=[0.5  0.4  0.92] shifted_fpos=[ 0.5  -0.15  1.85] lower=[ 0.25 -0.35  1.24] upper=[0.75 0.05 2.46] inside=False
[obj_inside_of] obj=obj obj_pos=[ 1.2259419 -0.3121621  1.0673834] fixture_pos=[ 3.2  -0.2   1.85] fsize=[1.   0.4  0.92] shifted_fpos=[ 3.2  -0.15  1.85] lower=[ 2.95 -0.35  1.24] upper=[3.45 0.05 2.46] inside=False
[obj_inside_of] obj=obj obj_pos=[ 1.2259419 -0.3121621  1.0526688] fixture_pos=[ 3.2  -0.2   1.85] fsize=[1.   0.4  0.92] shifted_fpos=[ 3.2  -0.15  1.85] lower=[ 2.95 -0.35  1.24] upper=[3.45 0.05 2.46] inside=False
[obj_inside_of] obj=obj obj_pos=[ 1.2259419 -0.3121621  1.0134281] fixture_pos=[ 3.2  -0.2   1.85] fsize=[1.   0.4  0.92] shifted_fpos=[ 3.2  -0.15  1.85] lower=[ 2.95 -0.35  1.24] upper=[3.45 0.05 2.46] inside=False
[obj_inside_of] obj=obj obj_pos=[ 1.2259419 -0.3121621  1.0673834] fixture_pos=[ 3.2  -0.2   1.85] fsize=[1.   0.4  0.92] shifted_fpos=[ 3.2  -0.15  1.85] lower=[ 2.95 -0.35  1.24] upper=[3.45 0.05 2.46] inside=False
[obj_inside_of] obj=obj obj_pos=[ 1.2259419 -0.3121621  1.0526688] fixture_pos=[ 3.2  -0.2   1.85] fsize=[1.   0.4  0.92] shifted_fpos=[ 3.2  -0.15  1.85] lower=[ 2.95 -0.35  1.24] upper=[3.45 0.05 2.46] inside=False
[obj_inside_of] obj=obj obj_pos=[ 1.2259419 -0.3121621  1.0134281] fixture_pos=[ 3.2  -0.2   1.85] fsize=[1.   0.4  0.92] shifted_fpos=[ 3.2  -0.15  1.85] lower=[ 2.95 -0.35  1.24] upper=[3.45 0.05 2.46] inside=False
[obj_inside_of] obj=obj obj_pos=[ 1.225924  -0.3121607  0.9999999] fixture_pos=[ 3.2  -0.2   1.85] fsize=[1.   0.4  0.92] shifted_fpos=[ 3.2  -0.15  1.85] lower=[ 2.95 -0.35  1.24] upper=[3.45 0.05 2.46] inside=False
[obj_inside_of] obj=obj obj_pos=[ 1.2259262  -0.3121599   0.99999976] fixture_pos=[ 3.2  -0.2   1.85] fsize=[1.   0.4  0.92] shifted_fpos=[ 3.2  -0.15  1.85] lower=[ 2.95 -0.35  1.24] upper=[3.45 0.05 2.46] inside=False
[perceive] 20 objects from ['base_camera', 'wrist_camera']: ['stack_2_main_group_2_0', 'spout', 'handle', 'dishwasher_main_group_0', 'floor_room_0', 'window_group_main_group_0', 'inner_box', 'toaster_main_group_0', 'hingeleftdoor', 'counter_main_main_group_0']...
[obj_inside_of] obj=obj obj_pos=[ 1.2259264  -0.31216002  1.0000001 ] fixture_pos=[ 3.2  -0.2   1.85] fsize=[1.   0.4  0.92] shifted_fpos=[ 3.2  -0.15  1.85] lower=[ 2.95 -0.35  1.24] upper=[3.45 0.05 2.46] inside=False
[obj_inside_of] obj=obj obj_pos=[ 1.2259264  -0.31216002  1.0000001 ] fixture_pos=[ 3.2  -0.2   1.85] fsize=[1.   0.4  0.92] shifted_fpos=[ 3.2  -0.15  1.85] lower=[ 2.95 -0.35  1.24] upper=[3.45 0.05 2.46] inside=False
[obj_inside_of] obj=obj obj_pos=[ 1.225926  -0.3121599  1.       ] fixture_pos=[ 3.2  -0.2   1.85] fsize=[1.   0.4  0.92] shifted_fpos=[ 3.2  -0.15  1.85] lower=[ 2.95 -0.35  1.24] upper=[3.45 0.05 2.46] inside=False
[obj_inside_of] obj=obj obj_pos=[ 1.241409   -0.47836223  1.0862366 ] fixture_pos=[ 1.2  -0.2   1.85] fsize=[1.   0.4  0.92] shifted_fpos=[ 1.2  -0.15  1.85] lower=[ 0.95 -0.35  1.24] upper=[1.45 0.05 2.46] inside=False
[obj_inside_of] obj=obj obj_pos=[ 1.241409   -0.47836223  1.0715219 ] fixture_pos=[ 1.2  -0.2   1.85] fsize=[1.   0.4  0.92] shifted_fpos=[ 1.2  -0.15  1.85] lower=[ 0.95 -0.35  1.24] upper=[1.45 0.05 2.46] inside=False
[obj_inside_of] obj=obj obj_pos=[ 1.241409   -0.47836223  1.0322813 ] fixture_pos=[ 1.2  -0.2   1.85] fsize=[1.   0.4  0.92] shifted_fpos=[ 1.2  -0.15  1.85] lower=[ 0.95 -0.35  1.24] upper=[1.45 0.05 2.46] inside=False
[obj_inside_of] obj=obj obj_pos=[ 1.241409   -0.47836223  1.0862366 ] fixture_pos=[ 1.2  -0.2   1.85] fsize=[1.   0.4  0.92] shifted_fpos=[ 1.2  -0.15  1.85] lower=[ 0.95 -0.35  1.24] upper=[1.45 0.05 2.46] inside=False
[obj_inside_of] obj=obj obj_pos=[ 1.241409   -0.47836223  1.0715219 ] fixture_pos=[ 1.2  -0.2   1.85] fsize=[1.   0.4  0.92] shifted_fpos=[ 1.2  -0.15  1.85] lower=[ 0.95 -0.35  1.24] upper=[1.45 0.05 2.46] inside=False
[obj_inside_of] obj=obj obj_pos=[ 1.241409   -0.47836223  1.0322813 ] fixture_pos=[ 1.2  -0.2   1.85] fsize=[1.   0.4  0.92] shifted_fpos=[ 1.2  -0.15  1.85] lower=[ 0.95 -0.35  1.24] upper=[1.45 0.05 2.46] inside=False
[obj_inside_of] obj=obj obj_pos=[ 1.2426585 -0.4798864  1.018056 ] fixture_pos=[ 1.2  -0.2   1.85] fsize=[1.   0.4  0.92] shifted_fpos=[ 1.2  -0.15  1.85] lower=[ 0.95 -0.35  1.24] upper=[1.45 0.05 2.46] inside=False
[obj_inside_of] obj=obj obj_pos=[ 1.2427797  -0.47964373  1.0180292 ] fixture_pos=[ 1.2  -0.2   1.85] fsize=[1.   0.4  0.92] shifted_fpos=[ 1.2  -0.15  1.85] lower=[ 0.95 -0.35  1.24] upper=[1.45 0.05 2.46] inside=False
[perceive] 23 objects from ['base_camera', 'wrist_camera']: ['inner_box', 'hingeleftdoor', 'beer', 'counter_main_main_group_0', 'stack_2_main_group_2_0', 'floor_room_0', 'knob_rear_left', 'chips', 'counter_corner_left_group_0', 'knob_rear_center']...
[obj_inside_of] obj=obj obj_pos=[ 1.2407568 -0.4776896  1.0178547] fixture_pos=[ 1.2  -0.2   1.85] fsize=[1.   0.4  0.92] shifted_fpos=[ 1.2  -0.15  1.85] lower=[ 0.95 -0.35  1.24] upper=[1.45 0.05 2.46] inside=False
[obj_inside_of] obj=obj obj_pos=[ 1.2407568 -0.4776896  1.0178547] fixture_pos=[ 1.2  -0.2   1.85] fsize=[1.   0.4  0.92] shifted_fpos=[ 1.2  -0.15  1.85] lower=[ 0.95 -0.35  1.24] upper=[1.45 0.05 2.46] inside=False
[obj_inside_of] obj=obj obj_pos=[ 1.2412091  -0.47825626  1.0177809 ] fixture_pos=[ 1.2  -0.2   1.85] fsize=[1.   0.4  0.92] shifted_fpos=[ 1.2  -0.15  1.85] lower=[ 0.95 -0.35  1.24] upper=[1.45 0.05 2.46] inside=False
[obj_inside_of] obj=obj obj_pos=[ 0.42045897 -2.1797936   0.98147917] fixture_pos=[ 0.2        -2.99999927  1.85      ] fsize=[1.   0.4  0.92] shifted_fpos=[ 0.2        -2.94999927  1.85      ] lower=[-0.05       -3.14999927  1.24      ] upper=[ 0.45       -2.74999927  2.46      ] inside=False
[obj_inside_of] obj=obj obj_pos=[ 0.42045897 -2.1797936   0.96676457] fixture_pos=[ 0.2        -2.99999927  1.85      ] fsize=[1.   0.4  0.92] shifted_fpos=[ 0.2        -2.94999927  1.85      ] lower=[-0.05       -3.14999927  1.24      ] upper=[ 0.45       -2.74999927  2.46      ] inside=False
[obj_inside_of] obj=obj obj_pos=[ 0.4204309 -2.1801355  0.941939 ] fixture_pos=[ 0.2        -2.99999927  1.85      ] fsize=[1.   0.4  0.92] shifted_fpos=[ 0.2        -2.94999927  1.85      ] lower=[-0.05       -3.14999927  1.24      ] upper=[ 0.45       -2.74999927  2.46      ] inside=False
[obj_inside_of] obj=obj obj_pos=[ 0.42045897 -2.1797936   0.98147917] fixture_pos=[ 0.2        -2.99999927  1.85      ] fsize=[1.   0.4  0.92] shifted_fpos=[ 0.2        -2.94999927  1.85      ] lower=[-0.05       -3.14999927  1.24      ] upper=[ 0.45       -2.74999927  2.46      ] inside=False
[obj_inside_of] obj=obj obj_pos=[ 0.42045897 -2.1797936   0.96676457] fixture_pos=[ 0.2        -2.99999927  1.85      ] fsize=[1.   0.4  0.92] shifted_fpos=[ 0.2        -2.94999927  1.85      ] lower=[-0.05       -3.14999927  1.24      ] upper=[ 0.45       -2.74999927  2.46      ] inside=False
[obj_inside_of] obj=obj obj_pos=[ 0.4204309 -2.1801355  0.941939 ] fixture_pos=[ 0.2        -2.99999927  1.85      ] fsize=[1.   0.4  0.92] shifted_fpos=[ 0.2        -2.94999927  1.85      ] lower=[-0.05       -3.14999927  1.24      ] upper=[ 0.45       -2.74999927  2.46      ] inside=False
[obj_inside_of] obj=obj obj_pos=[ 0.42037773 -2.1801567   0.94193244] fixture_pos=[ 0.2        -2.99999927  1.85      ] fsize=[1.   0.4  0.92] shifted_fpos=[ 0.2        -2.94999927  1.85      ] lower=[-0.05       -3.14999927  1.24      ] upper=[ 0.45       -2.74999927  2.46      ] inside=False
[obj_inside_of] obj=obj obj_pos=[ 0.420378   -2.180157    0.94193226] fixture_pos=[ 0.2        -2.99999927  1.85      ] fsize=[1.   0.4  0.92] shifted_fpos=[ 0.2        -2.94999927  1.85      ] lower=[-0.05       -3.14999927  1.24      ] upper=[ 0.45       -2.74999927  2.46      ] inside=False
[perceive] 14 objects from ['base_camera', 'wrist_camera']: ['paper_towel_left_group_0', 'croissant', 'hingeleftdoor', 'utensil_rack_room_0', 'mushroom', 'floor_room_0', 'hingerightdoor', 'coffee_machine_left_group_0', 'counter_1_left_group_0', 'inner_box']...
[obj_inside_of] obj=obj obj_pos=[ 0.42037806 -2.180157    0.94193226] fixture_pos=[ 0.2        -2.99999927  1.85      ] fsize=[1.   0.4  0.92] shifted_fpos=[ 0.2        -2.94999927  1.85      ] lower=[-0.05       -3.14999927  1.24      ] upper=[ 0.45       -2.74999927  2.46      ] inside=False
[obj_inside_of] obj=obj obj_pos=[ 0.42037806 -2.180157    0.94193226] fixture_pos=[ 0.2        -2.99999927  1.85      ] fsize=[1.   0.4  0.92] shifted_fpos=[ 0.2        -2.94999927  1.85      ] lower=[-0.05       -3.14999927  1.24      ] upper=[ 0.45       -2.74999927  2.46      ] inside=False
[obj_inside_of] obj=obj obj_pos=[ 0.42037803 -2.180157    0.94193226] fixture_pos=[ 0.2        -2.99999927  1.85      ] fsize=[1.   0.4  0.92] shifted_fpos=[ 0.2        -2.94999927  1.85      ] lower=[-0.05       -3.14999927  1.24      ] upper=[ 0.45       -2.74999927  2.46      ] inside=False
[obj_inside_of] obj=obj obj_pos=[ 5.563857   -1.4482263   0.97657055] fixture_pos=[ 5.69998806 -1.69999927  1.85      ] fsize=[1.   0.4  0.92] shifted_fpos=[ 5.69998806 -1.64999927  1.85      ] lower=[ 5.44998806 -1.84999927  1.24      ] upper=[ 5.94998806 -1.44999927  2.46      ] inside=False
[obj_inside_of] obj=obj obj_pos=[ 5.563857  -1.4482263  0.9618557] fixture_pos=[ 5.69998806 -1.69999927  1.85      ] fsize=[1.   0.4  0.92] shifted_fpos=[ 5.69998806 -1.64999927  1.85      ] lower=[ 5.44998806 -1.84999927  1.24      ] upper=[ 5.94998806 -1.44999927  2.46      ] inside=False
[obj_inside_of] obj=obj obj_pos=[ 5.5638566  -1.448219    0.92971337] fixture_pos=[ 5.69998806 -1.69999927  1.85      ] fsize=[1.   0.4  0.92] shifted_fpos=[ 5.69998806 -1.64999927  1.85      ] lower=[ 5.44998806 -1.84999927  1.24      ] upper=[ 5.94998806 -1.44999927  2.46      ] inside=False
[obj_inside_of] obj=obj obj_pos=[ 5.563857   -1.4482263   0.97657055] fixture_pos=[ 5.69998806 -1.69999927  1.85      ] fsize=[1.   0.4  0.92] shifted_fpos=[ 5.69998806 -1.64999927  1.85      ] lower=[ 5.44998806 -1.84999927  1.24      ] upper=[ 5.94998806 -1.44999927  2.46      ] inside=False
[obj_inside_of] obj=obj obj_pos=[ 5.563857  -1.4482263  0.9618557] fixture_pos=[ 5.69998806 -1.69999927  1.85      ] fsize=[1.   0.4  0.92] shifted_fpos=[ 5.69998806 -1.64999927  1.85      ] lower=[ 5.44998806 -1.84999927  1.24      ] upper=[ 5.94998806 -1.44999927  2.46      ] inside=False
[obj_inside_of] obj=obj obj_pos=[ 5.5638566  -1.448219    0.92971337] fixture_pos=[ 5.69998806 -1.69999927  1.85      ] fsize=[1.   0.4  0.92] shifted_fpos=[ 5.69998806 -1.64999927  1.85      ] lower=[ 5.44998806 -1.84999927  1.24      ] upper=[ 5.94998806 -1.44999927  2.46      ] inside=False
[obj_inside_of] obj=obj obj_pos=[ 5.5638556 -1.4482192  0.9297136] fixture_pos=[ 5.69998806 -1.69999927  1.85      ] fsize=[1.   0.4  0.92] shifted_fpos=[ 5.69998806 -1.64999927  1.85      ] lower=[ 5.44998806 -1.84999927  1.24      ] upper=[ 5.94998806 -1.44999927  2.46      ] inside=False
[obj_inside_of] obj=obj obj_pos=[ 5.5638566  -1.4482192   0.92971355] fixture_pos=[ 5.69998806 -1.69999927  1.85      ] fsize=[1.   0.4  0.92] shifted_fpos=[ 5.69998806 -1.64999927  1.85      ] lower=[ 5.44998806 -1.84999927  1.24      ] upper=[ 5.94998806 -1.44999927  2.46      ] inside=False
[perceive] 24 objects from ['base_camera', 'wrist_camera']: ['floor_room_0', 'inner_box', 'stack_4_main_group_base_0', 'counter_1_main_group_0', 'dishwasher_right_group_0', 'island_island_group_0', 'stack_1_right_group_2_0', 'hingeleftdoor', 'counter_1_right_group_0', 'counter_corner_right_group_0']...
[obj_inside_of] obj=obj obj_pos=[ 5.563856  -1.448219   0.9297136] fixture_pos=[ 5.69998806 -1.69999927  1.85      ] fsize=[1.   0.4  0.92] shifted_fpos=[ 5.69998806 -1.64999927  1.85      ] lower=[ 5.44998806 -1.84999927  1.24      ] upper=[ 5.94998806 -1.44999927  2.46      ] inside=False
[obj_inside_of] obj=obj obj_pos=[ 5.563856  -1.448219   0.9297136] fixture_pos=[ 5.69998806 -1.69999927  1.85      ] fsize=[1.   0.4  0.92] shifted_fpos=[ 5.69998806 -1.64999927  1.85      ] lower=[ 5.44998806 -1.84999927  1.24      ] upper=[ 5.94998806 -1.44999927  2.46      ] inside=False
[obj_inside_of] obj=obj obj_pos=[ 5.5638556 -1.4482192  0.9297136] fixture_pos=[ 5.69998806 -1.69999927  1.85      ] fsize=[1.   0.4  0.92] shifted_fpos=[ 5.69998806 -1.64999927  1.85      ] lower=[ 5.44998806 -1.84999927  1.24      ] upper=[ 5.94998806 -1.44999927  2.46      ] inside=False
[obj_inside_of] obj=obj obj_pos=[ 1.1785609  -0.35947078  0.9964372 ] fixture_pos=[ 1.15 -0.2   1.85] fsize=[1.   0.4  0.92] shifted_fpos=[ 1.15 -0.15  1.85] lower=[ 0.9  -0.35  1.24] upper=[1.4  0.05 2.46] inside=False
[obj_inside_of] obj=obj obj_pos=[ 1.1785609  -0.35947078  0.98172164] fixture_pos=[ 1.15 -0.2   1.85] fsize=[1.   0.4  0.92] shifted_fpos=[ 1.15 -0.15  1.85] lower=[ 0.9  -0.35  1.24] upper=[1.4  0.05 2.46] inside=False
[obj_inside_of] obj=obj obj_pos=[ 1.1757807  -0.36120543  0.95930785] fixture_pos=[ 1.15 -0.2   1.85] fsize=[1.   0.4  0.92] shifted_fpos=[ 1.15 -0.15  1.85] lower=[ 0.9  -0.35  1.24] upper=[1.4  0.05 2.46] inside=False
[obj_inside_of] obj=obj obj_pos=[ 1.1785609  -0.35947078  0.9964372 ] fixture_pos=[ 1.15 -0.2   1.85] fsize=[1.   0.4  0.92] shifted_fpos=[ 1.15 -0.15  1.85] lower=[ 0.9  -0.35  1.24] upper=[1.4  0.05 2.46] inside=False
[obj_inside_of] obj=obj obj_pos=[ 1.1785609  -0.35947078  0.98172164] fixture_pos=[ 1.15 -0.2   1.85] fsize=[1.   0.4  0.92] shifted_fpos=[ 1.15 -0.15  1.85] lower=[ 0.9  -0.35  1.24] upper=[1.4  0.05 2.46] inside=False
[obj_inside_of] obj=obj obj_pos=[ 1.1757807  -0.36120543  0.95930785] fixture_pos=[ 1.15 -0.2   1.85] fsize=[1.   0.4  0.92] shifted_fpos=[ 1.15 -0.15  1.85] lower=[ 0.9  -0.35  1.24] upper=[1.4  0.05 2.46] inside=False
[obj_inside_of] obj=obj obj_pos=[ 1.1706989  -0.36384848  0.95600396] fixture_pos=[ 1.15 -0.2   1.85] fsize=[1.   0.4  0.92] shifted_fpos=[ 1.15 -0.15  1.85] lower=[ 0.9  -0.35  1.24] upper=[1.4  0.05 2.46] inside=False
[obj_inside_of] obj=obj obj_pos=[ 1.1697456  -0.36264285  0.95546037] fixture_pos=[ 1.15 -0.2   1.85] fsize=[1.   0.4  0.92] shifted_fpos=[ 1.15 -0.15  1.85] lower=[ 0.9  -0.35  1.24] upper=[1.4  0.05 2.46] inside=False
[perceive] 19 objects from ['base_camera', 'wrist_camera']: ['inner_box', 'floor_room_0', 'counter_main_main_group_0', 'baguette', 'right_corner_box_main_group_0', 'tangerine', 'toaster_main_group_0', 'hingedoor', 'box_right_bottom_left_group_0', 'fridge_housing_left_group_0']...
[obj_inside_of] obj=obj obj_pos=[ 1.1679193  -0.36032355  0.95420647] fixture_pos=[ 1.15 -0.2   1.85] fsize=[1.   0.4  0.92] shifted_fpos=[ 1.15 -0.15  1.85] lower=[ 0.9  -0.35  1.24] upper=[1.4  0.05 2.46] inside=False
[obj_inside_of] obj=obj obj_pos=[ 1.1679193  -0.36032355  0.95420647] fixture_pos=[ 1.15 -0.2   1.85] fsize=[1.   0.4  0.92] shifted_fpos=[ 1.15 -0.15  1.85] lower=[ 0.9  -0.35  1.24] upper=[1.4  0.05 2.46] inside=False
[obj_inside_of] obj=obj obj_pos=[ 1.1646081  -0.35618573  0.9513305 ] fixture_pos=[ 1.15 -0.2   1.85] fsize=[1.   0.4  0.92] shifted_fpos=[ 1.15 -0.15  1.85] lower=[ 0.9  -0.35  1.24] upper=[1.4  0.05 2.46] inside=False
[obj_inside_of] obj=obj obj_pos=[ 6.0108585  -1.8906952   0.97621465] fixture_pos=[ 6.19999449 -2.19999927  1.85      ] fsize=[1.   0.4  0.92] shifted_fpos=[ 6.19999449 -2.14999927  1.85      ] lower=[ 5.94999449 -2.34999927  1.24      ] upper=[ 6.44999449 -1.94999927  2.46      ] inside=False
[obj_inside_of] obj=obj obj_pos=[ 6.0108585  -1.8906952   0.96150005] fixture_pos=[ 6.19999449 -2.19999927  1.85      ] fsize=[1.   0.4  0.92] shifted_fpos=[ 6.19999449 -2.14999927  1.85      ] lower=[ 5.94999449 -2.34999927  1.24      ] upper=[ 6.44999449 -1.94999927  2.46      ] inside=False
[obj_inside_of] obj=obj obj_pos=[ 6.013135   -1.8911428   0.94689137] fixture_pos=[ 6.19999449 -2.19999927  1.85      ] fsize=[1.   0.4  0.92] shifted_fpos=[ 6.19999449 -2.14999927  1.85      ] lower=[ 5.94999449 -2.34999927  1.24      ] upper=[ 6.44999449 -1.94999927  2.46      ] inside=False
[obj_inside_of] obj=obj obj_pos=[ 6.0108585  -1.8906952   0.97621465] fixture_pos=[ 6.19999449 -2.19999927  1.85      ] fsize=[1.   0.4  0.92] shifted_fpos=[ 6.19999449 -2.14999927  1.85      ] lower=[ 5.94999449 -2.34999927  1.24      ] upper=[ 6.44999449 -1.94999927  2.46      ] inside=False
[obj_inside_of] obj=obj obj_pos=[ 6.0108585  -1.8906952   0.96150005] fixture_pos=[ 6.19999449 -2.19999927  1.85      ] fsize=[1.   0.4  0.92] shifted_fpos=[ 6.19999449 -2.14999927  1.85      ] lower=[ 5.94999449 -2.34999927  1.24      ] upper=[ 6.44999449 -1.94999927  2.46      ] inside=False
[obj_inside_of] obj=obj obj_pos=[ 6.013135   -1.8911428   0.94689137] fixture_pos=[ 6.19999449 -2.19999927  1.85      ] fsize=[1.   0.4  0.92] shifted_fpos=[ 6.19999449 -2.14999927  1.85      ] lower=[ 5.94999449 -2.34999927  1.24      ] upper=[ 6.44999449 -1.94999927  2.46      ] inside=False
[obj_inside_of] obj=obj obj_pos=[ 6.0166984 -1.8935403  0.9471568] fixture_pos=[ 6.19999449 -2.19999927  1.85      ] fsize=[1.   0.4  0.92] shifted_fpos=[ 6.19999449 -2.14999927  1.85      ] lower=[ 5.94999449 -2.34999927  1.24      ] upper=[ 6.44999449 -1.94999927  2.46      ] inside=False
[obj_inside_of] obj=obj obj_pos=[ 6.01852   -1.8938652  0.947626 ] fixture_pos=[ 6.19999449 -2.19999927  1.85      ] fsize=[1.   0.4  0.92] shifted_fpos=[ 6.19999449 -2.14999927  1.85      ] lower=[ 5.94999449 -2.34999927  1.24      ] upper=[ 6.44999449 -1.94999927  2.46      ] inside=False
[perceive] 18 objects from ['base_camera', 'wrist_camera']: ['floor_room_0', 'tray', 'counter_corner_2_main_group_0', 'counter_corner_right_group_0', 'hingedoor', 'hingeleftdoor', 'fridge_right_group_0', 'inner_box', 'mango', 'coffee_machine_right_group_0']...
[obj_inside_of] obj=obj obj_pos=[ 6.0180125 -1.8931545  0.9474513] fixture_pos=[ 6.19999449 -2.19999927  1.85      ] fsize=[1.   0.4  0.92] shifted_fpos=[ 6.19999449 -2.14999927  1.85      ] lower=[ 5.94999449 -2.34999927  1.24      ] upper=[ 6.44999449 -1.94999927  2.46      ] inside=False
[obj_inside_of] obj=obj obj_pos=[ 6.0180125 -1.8931545  0.9474513] fixture_pos=[ 6.19999449 -2.19999927  1.85      ] fsize=[1.   0.4  0.92] shifted_fpos=[ 6.19999449 -2.14999927  1.85      ] lower=[ 5.94999449 -2.34999927  1.24      ] upper=[ 6.44999449 -1.94999927  2.46      ] inside=False
[obj_inside_of] obj=obj obj_pos=[ 6.015975  -1.8922428  0.9471441] fixture_pos=[ 6.19999449 -2.19999927  1.85      ] fsize=[1.   0.4  0.92] shifted_fpos=[ 6.19999449 -2.14999927  1.85      ] lower=[ 5.94999449 -2.34999927  1.24      ] upper=[ 6.44999449 -1.94999927  2.46      ] inside=False
[obj_inside_of] obj=obj obj_pos=[ 4.050678  -0.9322698  1.0131972] fixture_pos=[ 4.1999989  -0.94999927  1.85      ] fsize=[0.5  0.4  0.92] shifted_fpos=[ 4.1999989  -0.89999927  1.85      ] lower=[ 3.9499989  -1.09999927  1.24      ] upper=[ 4.4499989  -0.69999927  2.46      ] inside=False
[obj_inside_of] obj=obj obj_pos=[ 4.050678  -0.9322698  0.9984826] fixture_pos=[ 4.1999989  -0.94999927  1.85      ] fsize=[0.5  0.4  0.92] shifted_fpos=[ 4.1999989  -0.89999927  1.85      ] lower=[ 3.9499989  -1.09999927  1.24      ] upper=[ 4.4499989  -0.69999927  2.46      ] inside=False
[obj_inside_of] obj=obj obj_pos=[ 4.0502014  -0.93209064  0.9787519 ] fixture_pos=[ 4.1999989  -0.94999927  1.85      ] fsize=[0.5  0.4  0.92] shifted_fpos=[ 4.1999989  -0.89999927  1.85      ] lower=[ 3.9499989  -1.09999927  1.24      ] upper=[ 4.4499989  -0.69999927  2.46      ] inside=False
[obj_inside_of] obj=obj obj_pos=[ 4.050678  -0.9322698  1.0131972] fixture_pos=[ 4.1999989  -0.94999927  1.85      ] fsize=[0.5  0.4  0.92] shifted_fpos=[ 4.1999989  -0.89999927  1.85      ] lower=[ 3.9499989  -1.09999927  1.24      ] upper=[ 4.4499989  -0.69999927  2.46      ] inside=False
[obj_inside_of] obj=obj obj_pos=[ 4.050678  -0.9322698  0.9984826] fixture_pos=[ 4.1999989  -0.94999927  1.85      ] fsize=[0.5  0.4  0.92] shifted_fpos=[ 4.1999989  -0.89999927  1.85      ] lower=[ 3.9499989  -1.09999927  1.24      ] upper=[ 4.4499989  -0.69999927  2.46      ] inside=False
[obj_inside_of] obj=obj obj_pos=[ 4.0502014  -0.93209064  0.9787519 ] fixture_pos=[ 4.1999989  -0.94999927  1.85      ] fsize=[0.5  0.4  0.92] shifted_fpos=[ 4.1999989  -0.89999927  1.85      ] lower=[ 3.9499989  -1.09999927  1.24      ] upper=[ 4.4499989  -0.69999927  2.46      ] inside=False
[obj_inside_of] obj=obj obj_pos=[ 4.0501394  -0.93197113  0.97877055] fixture_pos=[ 4.1999989  -0.94999927  1.85      ] fsize=[0.5  0.4  0.92] shifted_fpos=[ 4.1999989  -0.89999927  1.85      ] lower=[ 3.9499989  -1.09999927  1.24      ] upper=[ 4.4499989  -0.69999927  2.46      ] inside=False
[obj_inside_of] obj=obj obj_pos=[ 4.0506506  -0.93215096  0.9787524 ] fixture_pos=[ 4.1999989  -0.94999927  1.85      ] fsize=[0.5  0.4  0.92] shifted_fpos=[ 4.1999989  -0.89999927  1.85      ] lower=[ 3.9499989  -1.09999927  1.24      ] upper=[ 4.4499989  -0.69999927  2.46      ] inside=False
[perceive] 29 objects from ['base_camera', 'wrist_camera']: ['floor_room_0', 'toaster_main_group_0', 'counter_main_main_group_0', 'knob_front_left', 'hingedoor', 'knob_rear_left', 'inner_box', 'counter_corner_right_group_0', 'knob_center', 'object']...
[obj_inside_of] obj=obj obj_pos=[ 4.0512147 -0.9322408  0.9787479] fixture_pos=[ 4.1999989  -0.94999927  1.85      ] fsize=[0.5  0.4  0.92] shifted_fpos=[ 4.1999989  -0.89999927  1.85      ] lower=[ 3.9499989  -1.09999927  1.24      ] upper=[ 4.4499989  -0.69999927  2.46      ] inside=False
[obj_inside_of] obj=obj obj_pos=[ 4.0512147 -0.9322408  0.9787479] fixture_pos=[ 4.1999989  -0.94999927  1.85      ] fsize=[0.5  0.4  0.92] shifted_fpos=[ 4.1999989  -0.89999927  1.85      ] lower=[ 3.9499989  -1.09999927  1.24      ] upper=[ 4.4499989  -0.69999927  2.46      ] inside=False
[obj_inside_of] obj=obj obj_pos=[ 4.050864  -0.9321746  0.9787501] fixture_pos=[ 4.1999989  -0.94999927  1.85      ] fsize=[0.5  0.4  0.92] shifted_fpos=[ 4.1999989  -0.89999927  1.85      ] lower=[ 3.9499989  -1.09999927  1.24      ] upper=[ 4.4499989  -0.69999927  2.46      ] inside=False
[obj_inside_of] obj=obj obj_pos=[ 4.050332  -0.9320388  0.9787617] fixture_pos=[ 4.1999989  -0.94999927  1.85      ] fsize=[0.5  0.4  0.92] shifted_fpos=[ 4.1999989  -0.89999927  1.85      ] lower=[ 3.9499989  -1.09999927  1.24      ] upper=[ 4.4499989  -0.69999927  2.46      ] inside=False
[obj_inside_of] obj=obj obj_pos=[ 4.0506234  -0.93214744  0.97875303] fixture_pos=[ 4.1999989  -0.94999927  1.85      ] fsize=[0.5  0.4  0.92] shifted_fpos=[ 4.1999989  -0.89999927  1.85      ] lower=[ 3.9499989  -1.09999927  1.24      ] upper=[ 4.4499989  -0.69999927  2.46      ] inside=False
[obj_inside_of] obj=obj obj_pos=[ 4.051259   -0.9322319   0.97874624] fixture_pos=[ 4.1999989  -0.94999927  1.85      ] fsize=[0.5  0.4  0.92] shifted_fpos=[ 4.1999989  -0.89999927  1.85      ] lower=[ 3.9499989  -1.09999927  1.24      ] upper=[ 4.4499989  -0.69999927  2.46      ] inside=False
